../../src/bsp/bsp_main.c:45:6:Error_Handler	4	static
../../src/bsp/bsp_main.c:184:5:board_setup	8	static
../../src/bsp/bsp_main.c:269:6:SystemClock_Config	128	static
../../src/bsp/bsp_main.c:336:6:PeriphCommonClock_Config	200	static
../../src/bsp/bsp_main.c:369:13:MX_ETH_Init	8	static
../../src/bsp/bsp_main.c:418:13:MX_FDCAN1_Init	8	static
../../src/bsp/bsp_main.c:471:13:MX_FDCAN2_Init	8	static
../../src/bsp/bsp_main.c:528:6:I2C_SignalEvent	16	static
../../src/bsp/bsp_main.c:533:13:MX_I2C2_Init	40	static
../../src/bsp/bsp_main.c:619:13:MX_IWDG1_Init	8	static
../../src/bsp/bsp_main.c:647:13:MX_QUADSPI_Init	8	static
../../src/bsp/bsp_main.c:682:16:Wait_SDCARD_Ready	16	static
../../src/bsp/bsp_main.c:704:13:MX_SDMMC1_SD_Init	104	static
../../src/bsp/bsp_main.c:781:13:MX_SPI1_Init	8	static
../../src/bsp/bsp_main.c:828:13:MX_TIM3_Init	64	static
../../src/bsp/bsp_main.c:940:13:MX_TIM4_Init	64	static
../../src/bsp/bsp_main.c:1041:13:MX_TIM5_Init	48	static
../../src/bsp/bsp_main.c:1127:13:MX_BDMA_Init	16	static
../../src/bsp/bsp_main.c:1146:13:MX_DMA_Init	16	static
../../src/bsp/bsp_main.c:1206:13:MX_FMC_Init	40	static
../../src/bsp/bsp_main.c:1281:13:MX_GPIO_Init	72	static
../../src/bsp/bsp_main.c:1593:6:HAL_TIM_PeriodElapsedCallback	16	static
