../../src/bsp/cmsis_drivers/EMAC_STM32H7xx.c:350:17:crc32_8bit_rev	32	static
../../src/bsp/cmsis_drivers/EMAC_STM32H7xx.c:372:17:crc32_data	24	static
../../src/bsp/cmsis_drivers/EMAC_STM32H7xx.c:389:27:GetVersion	16	static
../../src/bsp/cmsis_drivers/EMAC_STM32H7xx.c:399:33:GetCapabilities	4	static
../../src/bsp/cmsis_drivers/EMAC_STM32H7xx.c:410:16:Initialize	16	static
../../src/bsp/cmsis_drivers/EMAC_STM32H7xx.c:440:16:Uninitialize	4	static
../../src/bsp/cmsis_drivers/EMAC_STM32H7xx.c:454:16:PowerControl	16	static
../../src/bsp/cmsis_drivers/EMAC_STM32H7xx.c:503:16:GetMacAddress	24	static
../../src/bsp/cmsis_drivers/EMAC_STM32H7xx.c:532:16:SetMacAddress	16	static
../../src/bsp/cmsis_drivers/EMAC_STM32H7xx.c:558:16:SetAddressFilter	24	static
../../src/bsp/cmsis_drivers/EMAC_STM32H7xx.c:634:16:SendFrame	32	static
../../src/bsp/cmsis_drivers/EMAC_STM32H7xx.c:681:6:HAL_ETH_RxAllocateCallback	16	static
../../src/bsp/cmsis_drivers/EMAC_STM32H7xx.c:697:6:HAL_ETH_RxLinkCallback	24	static
../../src/bsp/cmsis_drivers/EMAC_STM32H7xx.c:714:16:ReadFrame	16	static
../../src/bsp/cmsis_drivers/EMAC_STM32H7xx.c:738:17:GetRxFrameSize	16	static
../../src/bsp/cmsis_drivers/EMAC_STM32H7xx.c:755:16:GetRxFrameTime	16	static
../../src/bsp/cmsis_drivers/EMAC_STM32H7xx.c:766:16:GetTxFrameTime	16	static
../../src/bsp/cmsis_drivers/EMAC_STM32H7xx.c:778:16:ControlTimer	16	static
../../src/bsp/cmsis_drivers/EMAC_STM32H7xx.c:791:16:Control	16	static
../../src/bsp/cmsis_drivers/EMAC_STM32H7xx.c:966:16:PHY_Read	24	static
../../src/bsp/cmsis_drivers/EMAC_STM32H7xx.c:986:16:PHY_Write	16	static
../../src/bsp/cmsis_drivers/EMAC_STM32H7xx.c:997:6:HAL_ETH_TxCpltCallback	16	static
../../src/bsp/cmsis_drivers/EMAC_STM32H7xx.c:1005:6:HAL_ETH_RxCpltCallback	16	static
../../src/bsp/cmsis_drivers/EMAC_STM32H7xx.c:1013:6:HAL_ETH_PMTCallback	16	static
