../../src/bsp/fcs_cpu/stm32h7xx_hal_msp.c:100:6:HAL_MspInit	16	static
../../src/bsp/fcs_cpu/stm32h7xx_hal_msp.c:122:6:HAL_ETH_MspInit	64	static
../../src/bsp/fcs_cpu/stm32h7xx_hal_msp.c:186:6:HAL_ETH_MspDeInit	16	static
../../src/bsp/fcs_cpu/stm32h7xx_hal_msp.c:232:6:HAL_FDCAN_MspInit	56	static
../../src/bsp/fcs_cpu/stm32h7xx_hal_msp.c:308:6:HAL_FDCAN_MspDeInit	16	static
../../src/bsp/fcs_cpu/stm32h7xx_hal_msp.c:367:6:HAL_I2C_MspInit	240	static
../../src/bsp/fcs_cpu/stm32h7xx_hal_msp.c:418:6:HAL_I2C_MspDeInit	16	static
../../src/bsp/fcs_cpu/stm32h7xx_hal_msp.c:452:6:HAL_UART_MspInit	312	static
../../src/bsp/fcs_cpu/stm32h7xx_hal_msp.c:1148:6:HAL_UART_MspDeInit	16	static
../../src/bsp/fcs_cpu/stm32h7xx_hal_msp.c:1380:6:HAL_QSPI_MspInit	56	static
../../src/bsp/fcs_cpu/stm32h7xx_hal_msp.c:1451:6:HAL_QSPI_MspDeInit	16	static
../../src/bsp/fcs_cpu/stm32h7xx_hal_msp.c:1490:6:HAL_SD_MspInit	48	static
../../src/bsp/fcs_cpu/stm32h7xx_hal_msp.c:1544:6:HAL_SD_MspDeInit	16	static
../../src/bsp/fcs_cpu/stm32h7xx_hal_msp.c:1582:6:HAL_SPI_MspInit	56	static
../../src/bsp/fcs_cpu/stm32h7xx_hal_msp.c:1647:6:HAL_SPI_MspDeInit	16	static
../../src/bsp/fcs_cpu/stm32h7xx_hal_msp.c:1686:6:HAL_TIM_Base_MspInit	24	static
../../src/bsp/fcs_cpu/stm32h7xx_hal_msp.c:1719:6:HAL_TIM_PWM_MspInit	24	static
../../src/bsp/fcs_cpu/stm32h7xx_hal_msp.c:1735:6:HAL_TIM_MspPostInit	64	static
../../src/bsp/fcs_cpu/stm32h7xx_hal_msp.c:1841:6:HAL_TIM_Base_MspDeInit	16	static
../../src/bsp/fcs_cpu/stm32h7xx_hal_msp.c:1874:6:HAL_TIM_PWM_MspDeInit	16	static
../../src/bsp/fcs_cpu/stm32h7xx_hal_msp.c:1892:13:HAL_FMC_MspInit	32	static
../../src/bsp/fcs_cpu/stm32h7xx_hal_msp.c:1998:6:HAL_SDRAM_MspInit	16	static
../../src/bsp/fcs_cpu/stm32h7xx_hal_msp.c:2010:13:HAL_FMC_MspDeInit	8	static
../../src/bsp/fcs_cpu/stm32h7xx_hal_msp.c:2084:6:HAL_SDRAM_MspDeInit	16	static
