../../src/app/AppSource/support/common.c:30:8:ChkStandardFrame	24	static
../../src/app/AppSource/support/common.c:63:28:PeekStandardMessage	6296	static
../../src/app/AppSource/support/common.c:120:14:RecvMessageS422FPGA	2544	static
../../src/app/AppSource/support/common.c:164:8:SendCRCed422Message	16	static
../../src/app/AppSource/support/common.c:194:21:PeekCanMessage	40	static
../../src/app/AppSource/support/common.c:272:6:DoCalcXYZ	184	static
../../src/app/AppSource/support/common.c:298:6:ConSys_Matrix3x1	40	static
../../src/app/AppSource/support/common.c:327:6:ConSys_Matrix3x3	48	static
../../src/app/AppSource/support/common.c:359:6:ConSys_cx	32	static
../../src/app/AppSource/support/common.c:387:6:ConSys_cy	32	static
../../src/app/AppSource/support/common.c:415:6:ConSys_cz	32	static
../../src/app/AppSource/support/common.c:443:6:ConSys_EarthLBH_To_EarthFixed	88	static
../../src/app/AppSource/support/common.c:476:6:ConSys_M3x3_transpose	24	static
../../src/app/AppSource/support/common.c:503:6:CalcRoxyz	120	static
../../src/app/AppSource/support/common.c:518:6:ConSys_EarthWGS84_To_Launch	1176	static
