../../src/app/AppSource/FlightSupport.c:37:13:FlightSeqOutputHandle	4	static
../../src/app/AppSource/FlightSupport.c:143:6:FlightTMOutputHandle	48	static
../../src/app/AppSource/FlightSupport.c:167:8:RudderTranMatix	24	static
../../src/app/AppSource/FlightSupport.c:181:6:FlightSrvOutputHandle	40	static
../../src/app/AppSource/FlightSupport.c:200:6:FlightEngineOutputHandle	24	static
../../src/app/AppSource/FlightSupport.c:225:6:FlightOutputHandle	8	static
../../src/app/AppSource/FlightSupport.c:249:6:FlightInputGenerate	56	static
../../src/app/AppSource/FlightSupport.c:317:6:DoFlightRun	8	static
../../src/app/AppSource/FlightSupport.c:325:7:InitSafeArea	24	static
../../src/app/AppSource/FlightSupport.c:339:8:dotProduct	72	static
../../src/app/AppSource/FlightSupport.c:344:8:vectorMagnitude	40	static
../../src/app/AppSource/FlightSupport.c:350:8:calculateAngle	168	static
../../src/app/AppSource/FlightSupport.c:370:9:JudgeInSafe2	904	static
../../src/app/AppSource/FlightSupport.c:400:7:JudgeHomeward	64	static
../../src/app/AppSource/FlightSupport.c:449:6:Flight_Loadfile_Init	4	static
../../src/app/AppSource/FlightSupport.c:465:8:toRadians	16	static
../../src/app/AppSource/FlightSupport.c:470:8:calculateBearing	88	static
../../src/app/AppSource/FlightSupport.c:490:7:DoReturnHomeward	88	static
../../src/app/AppSource/FlightSupport.c:506:7:DoOpenUm	4	static
