../../src/app/NavSource/nav/nav2.c:128:6:cal_RR	40	static
../../src/app/NavSource/nav/nav2.c:150:6:matrix	40	static
../../src/app/NavSource/nav/nav2.c:168:6:matrixT	40	static
../../src/app/NavSource/nav/nav2.c:196:5:brinv	72	static
../../src/app/NavSource/nav/nav2.c:292:6:Initial	48	static
../../src/app/NavSource/nav/nav2.c:381:9:f_max	24	static
../../src/app/NavSource/nav/nav2.c:394:6:ag_initP	64	static
../../src/app/NavSource/nav/nav2.c:423:6:quan	240	static
../../src/app/NavSource/nav/nav2.c:468:6:quan1	264	static
../../src/app/NavSource/nav/nav2.c:515:6:quan_cbn_angle	24	static
../../src/app/NavSource/nav/nav2.c:587:7:cal_Q_Iner	32	static
../../src/app/NavSource/nav/nav2.c:600:6:CAL_New_Q_Iner_ddd	256	static
../../src/app/NavSource/nav/nav2.c:647:6:Cal_Angle_Iner	24	static
../../src/app/NavSource/nav/nav2.c:674:7:cal_Vector_Mul	24	static
../../src/app/NavSource/nav/nav2.c:681:7:Copy_Vector	32	static
../../src/app/NavSource/nav/nav2.c:690:7:cal_StandVector	32	static
../../src/app/NavSource/nav/nav2.c:741:9:cal_Gravity	48	static
../../src/app/NavSource/nav/nav2.c:750:7:Initial_Iner	4	static
../../src/app/NavSource/nav/nav2.c:760:7:cal_Global_DH	128	static
../../src/app/NavSource/nav/nav2.c:1016:6:norm_quan	24	static
../../src/app/NavSource/nav/nav2.c:1035:6:DeFia	48	static
../../src/app/NavSource/nav/nav2.c:1054:5:Kalman	24056	static
../../src/app/NavSource/nav/nav2.c:1149:5:Est	288	static
../../src/app/NavSource/nav/nav2.c:1179:7:quan_Mine	240	static
../../src/app/NavSource/nav/nav2.c:1234:6:NavInit	24	static
../../src/app/NavSource/nav/nav2.c:1269:7:cal_nav	88	static
../../src/app/NavSource/nav/nav2.c:1340:6:cal_FF	48	static
../../src/app/NavSource/nav/nav2.c:1423:7:cal_Z_AND_R_ZITAI	88	static
../../src/app/NavSource/nav/nav2.c:1464:7:cal_acc_angle	56	static
../../src/app/NavSource/nav/nav2.c:1489:7:cal_Z_GPS	112	static
../../src/app/NavSource/nav/nav2.c:1565:6:Klm_Total	32	static
../../src/app/NavSource/nav/nav2.c:1593:6:NavLoop	936	static
