../../src/app/NavSource/support/os_basic.c:59:22:crc16_byte	16	static
../../src/app/NavSource/support/os_basic.c:64:9:Chk16CRC_U8	32	static
../../src/app/NavSource/support/os_basic.c:80:15:reflect_byte	24	static
../../src/app/NavSource/support/os_basic.c:87:16:reflect_uint16	24	static
../../src/app/NavSource/support/os_basic.c:94:16:crc16_ccitt	32	static
../../src/app/NavSource/support/os_basic.c:111:7:CalCRC8	32	static
../../src/app/NavSource/support/os_basic.c:131:9:Insert16CRC_U8	32	static
../../src/app/NavSource/support/os_basic.c:146:9:Insert16CKS_U8	32	static
../../src/app/NavSource/support/os_basic.c:160:14:fun_Reflect	24	static
../../src/app/NavSource/support/os_basic.c:174:6:fun_Init_CRC32	24	static
../../src/app/NavSource/support/os_basic.c:191:14:CalCRC32	32	static
../../src/app/NavSource/support/os_basic.c:218:9:Insert32CRC_U8	32	static
../../src/app/NavSource/support/os_basic.c:225:9:Chk2in3U16	24	static
../../src/app/NavSource/support/os_basic.c:249:9:SetBit_U32	16	static
../../src/app/NavSource/support/os_basic.c:261:9:ClearBit_U32	24	static
../../src/app/NavSource/support/os_basic.c:276:9:SetBit_U16	16	static
../../src/app/NavSource/support/os_basic.c:287:9:ClearBit_U16	24	static
../../src/app/NavSource/support/os_basic.c:302:9:SetBit_U8	16	static
../../src/app/NavSource/support/os_basic.c:313:9:ClearBit_U8	24	static
../../src/app/NavSource/support/os_basic.c:328:8:CheckSum16	24	static
../../src/app/NavSource/support/os_basic.c:340:7:CheckSum8	24	static
../../src/app/NavSource/support/os_basic.c:352:9:RangeValue	24	static
../../src/app/NavSource/support/os_basic.c:364:8:CalCKS	32	static
../../src/app/NavSource/support/os_basic.c:375:8:ROR	16	static
../../src/app/NavSource/support/os_basic.c:381:8:ROL	16	static
../../src/app/NavSource/support/os_basic.c:387:8:SwapBuff_4Byte	24	static
../../src/app/NavSource/support/os_basic.c:398:8:SwapBuff_2Byte	24	static
../../src/app/NavSource/support/os_basic.c:406:7:XorSum8	24	static
../../src/app/NavSource/support/os_basic.c:418:6:ConSys_atmosphere	96	static
