../../src/bsp/navi_cpu/stm32h7xx_it.c:94:6:NMI_Handler	4	static
../../src/bsp/navi_cpu/stm32h7xx_it.c:109:6:HardFault_Handler	4	static
../../src/bsp/navi_cpu/stm32h7xx_it.c:124:6:MemManage_Handler	4	static
../../src/bsp/navi_cpu/stm32h7xx_it.c:139:6:BusFault_Handler	4	static
../../src/bsp/navi_cpu/stm32h7xx_it.c:154:6:UsageFault_Handler	4	static
../../src/bsp/navi_cpu/stm32h7xx_it.c:169:6:DebugMon_Handler	4	static
../../src/bsp/navi_cpu/stm32h7xx_it.c:188:6:EXTI4_IRQHandler	8	static
../../src/bsp/navi_cpu/stm32h7xx_it.c:201:6:DMA1_Stream0_IRQHandler	8	static
../../src/bsp/navi_cpu/stm32h7xx_it.c:215:6:DMA1_Stream1_IRQHandler	8	static
../../src/bsp/navi_cpu/stm32h7xx_it.c:229:6:DMA1_Stream2_IRQHandler	8	static
../../src/bsp/navi_cpu/stm32h7xx_it.c:243:6:DMA1_Stream3_IRQHandler	8	static
../../src/bsp/navi_cpu/stm32h7xx_it.c:257:6:DMA1_Stream4_IRQHandler	8	static
../../src/bsp/navi_cpu/stm32h7xx_it.c:271:6:DMA1_Stream5_IRQHandler	8	static
../../src/bsp/navi_cpu/stm32h7xx_it.c:285:6:DMA1_Stream6_IRQHandler	8	static
../../src/bsp/navi_cpu/stm32h7xx_it.c:299:6:SPI1_IRQHandler	8	static
../../src/bsp/navi_cpu/stm32h7xx_it.c:313:6:SPI2_IRQHandler	8	static
../../src/bsp/navi_cpu/stm32h7xx_it.c:327:6:USART1_IRQHandler	8	static
../../src/bsp/navi_cpu/stm32h7xx_it.c:341:6:USART2_IRQHandler	8	static
../../src/bsp/navi_cpu/stm32h7xx_it.c:355:6:USART3_IRQHandler	8	static
../../src/bsp/navi_cpu/stm32h7xx_it.c:369:6:DMA1_Stream7_IRQHandler	8	static
../../src/bsp/navi_cpu/stm32h7xx_it.c:383:6:SPI3_IRQHandler	8	static
../../src/bsp/navi_cpu/stm32h7xx_it.c:397:6:TIM6_DAC_IRQHandler	8	static
../../src/bsp/navi_cpu/stm32h7xx_it.c:411:6:DMA2_Stream0_IRQHandler	8	static
../../src/bsp/navi_cpu/stm32h7xx_it.c:425:6:DMA2_Stream1_IRQHandler	8	static
../../src/bsp/navi_cpu/stm32h7xx_it.c:439:6:DMA2_Stream2_IRQHandler	8	static
../../src/bsp/navi_cpu/stm32h7xx_it.c:453:6:DMA2_Stream3_IRQHandler	8	static
../../src/bsp/navi_cpu/stm32h7xx_it.c:467:6:DMA2_Stream4_IRQHandler	8	static
../../src/bsp/navi_cpu/stm32h7xx_it.c:481:6:DMA2_Stream5_IRQHandler	8	static
../../src/bsp/navi_cpu/stm32h7xx_it.c:495:6:SPI4_IRQHandler	8	static
../../src/bsp/navi_cpu/stm32h7xx_it.c:509:6:SPI6_IRQHandler	8	static
../../src/bsp/navi_cpu/stm32h7xx_it.c:523:6:BDMA_Channel0_IRQHandler	8	static
../../src/bsp/navi_cpu/stm32h7xx_it.c:537:6:BDMA_Channel1_IRQHandler	8	static
