../../src/app/AppSource/support/common.c:30:8:ChkStandardFrame	24	static
../../src/app/AppSource/support/common.c:50:8:ChkDataLinkFrame	520	static
../../src/app/AppSource/support/common.c:84:28:PeekStandardMessage	3120	static
../../src/app/AppSource/support/common.c:144:14:RecvMessageS422FPGA	2104	static
../../src/app/AppSource/support/common.c:188:8:SendCRCed422Message	32	static
../../src/app/AppSource/support/common.c:240:21:PeekCanMessage	4	static
../../src/app/AppSource/support/common.c:261:6:DoCalcXYZ	184	static
../../src/app/AppSource/support/common.c:287:6:ConSys_Matrix3x1	40	static
../../src/app/AppSource/support/common.c:316:6:ConSys_Matrix3x3	48	static
../../src/app/AppSource/support/common.c:348:6:ConSys_cx	32	static
../../src/app/AppSource/support/common.c:376:6:ConSys_cy	32	static
../../src/app/AppSource/support/common.c:404:6:ConSys_cz	32	static
../../src/app/AppSource/support/common.c:432:6:ConSys_EarthLBH_To_EarthFixed	88	static
../../src/app/AppSource/support/common.c:465:6:ConSys_M3x3_transpose	24	static
../../src/app/AppSource/support/common.c:492:6:CalcRoxyz	120	static
../../src/app/AppSource/support/common.c:507:6:ConSys_EarthWGS84_To_Launch	1176	static
../../src/app/AppSource/support/common.c:584:8:EcllipesToAltitude	136	static
../../src/app/AppSource/support/common.c:601:7:uav_density	48	static
