../../src/app/AppSource/controller/controller.c:40:11:Average	32	static
../../src/app/AppSource/controller/controller.c:51:7:CalcAirSpd	96	static
../../src/app/AppSource/controller/controller.c:84:7:AutoLuanchProcess	2152	static
../../src/app/AppSource/controller/controller.c:357:7:ControllerStatusUpdata	8	static
../../src/app/AppSource/controller/controller.c:371:14:SelfCheckCollpse	160	static
../../src/app/AppSource/controller/controller.c:421:7:InitReportParam	48	static
../../src/app/AppSource/controller/controller.c:435:8:ControllerCmdHandler	136	static
../../src/app/AppSource/controller/controller.c:538:7:SeqCalc	24	static
../../src/app/AppSource/controller/controller.c:558:7:DoIgnition	48	static
../../src/app/AppSource/controller/controller.c:580:7:Ignition	24	static
../../src/app/AppSource/controller/controller.c:592:7:LunchDetective	64	static
../../src/app/AppSource/controller/controller.c:649:6:ADC3_Init	40	static
../../src/app/AppSource/controller/controller.c:705:7:System_GetCoreTemperature	32	static
