../../src/bsp/cmsis_drivers/EMAC_STM32H7xx.c:389:27:GetVersion	8	static
../../src/bsp/cmsis_drivers/EMAC_STM32H7xx.c:399:33:GetCapabilities	0	static
../../src/bsp/cmsis_drivers/EMAC_STM32H7xx.c:440:16:Uninitialize	0	static
../../src/bsp/cmsis_drivers/EMAC_STM32H7xx.c:503:16:GetMacAddress	0	static
../../src/bsp/cmsis_drivers/EMAC_STM32H7xx.c:532:16:SetMacAddress	0	static
../../src/bsp/cmsis_drivers/EMAC_STM32H7xx.c:755:16:GetRxFrameTime	0	static
../../src/bsp/cmsis_drivers/EMAC_STM32H7xx.c:778:16:ControlTimer	0	static
../../src/bsp/cmsis_drivers/EMAC_STM32H7xx.c:986:16:PHY_Write	8	static
../../src/bsp/cmsis_drivers/EMAC_STM32H7xx.c:966:16:PHY_Read	16	static
../../src/bsp/cmsis_drivers/EMAC_STM32H7xx.c:791:16:Control	16	static
../../src/bsp/cmsis_drivers/EMAC_STM32H7xx.c:738:17:GetRxFrameSize	16	static
../../src/bsp/cmsis_drivers/EMAC_STM32H7xx.c:714:16:ReadFrame	16	static
../../src/bsp/cmsis_drivers/EMAC_STM32H7xx.c:634:16:SendFrame	24	static
../../src/bsp/cmsis_drivers/EMAC_STM32H7xx.c:454:16:PowerControl	8	static
../../src/bsp/cmsis_drivers/EMAC_STM32H7xx.c:410:16:Initialize	16	static
../../src/bsp/cmsis_drivers/EMAC_STM32H7xx.c:558:16:SetAddressFilter	20	static
../../src/bsp/cmsis_drivers/EMAC_STM32H7xx.c:766:16:GetTxFrameTime	0	static
../../src/bsp/cmsis_drivers/EMAC_STM32H7xx.c:681:6:HAL_ETH_RxAllocateCallback	8	static
../../src/bsp/cmsis_drivers/EMAC_STM32H7xx.c:697:6:HAL_ETH_RxLinkCallback	0	static
../../src/bsp/cmsis_drivers/EMAC_STM32H7xx.c:997:6:HAL_ETH_TxCpltCallback	0	static
../../src/bsp/cmsis_drivers/EMAC_STM32H7xx.c:1005:6:HAL_ETH_RxCpltCallback	0	static
../../src/bsp/cmsis_drivers/EMAC_STM32H7xx.c:1013:6:HAL_ETH_PMTCallback	0	static
