../../src/bsp/cmsis_drivers/FDCAN_STM32H7xx.c:849:27:CAN_GetVersion	8	static
../../src/bsp/cmsis_drivers/FDCAN_STM32H7xx.c:858:29:CAN1_GetCapabilities	0	static
../../src/bsp/cmsis_drivers/FDCAN_STM32H7xx.c:861:29:CAN2_GetCapabilities	0	static
../../src/bsp/cmsis_drivers/FDCAN_STM32H7xx.c:895:16:CAN2_Initialize	8	static
../../src/bsp/cmsis_drivers/FDCAN_STM32H7xx.c:913:16:CAN1_Uninitialize	0	static
../../src/bsp/cmsis_drivers/FDCAN_STM32H7xx.c:916:16:CAN2_Uninitialize	0	static
../../src/bsp/cmsis_drivers/FDCAN_STM32H7xx.c:1160:16:CANx_SetMode	8	static
../../src/bsp/cmsis_drivers/FDCAN_STM32H7xx.c:1238:16:CAN1_SetMode	0	static
../../src/bsp/cmsis_drivers/FDCAN_STM32H7xx.c:1241:16:CAN2_SetMode	0	static
../../src/bsp/cmsis_drivers/FDCAN_STM32H7xx.c:1296:16:CANx_ObjectSetFilter	32	static
../../src/bsp/cmsis_drivers/FDCAN_STM32H7xx.c:1571:16:CAN1_ObjectSetFilter	16	static
../../src/bsp/cmsis_drivers/FDCAN_STM32H7xx.c:1574:16:CAN2_ObjectSetFilter	16	static
../../src/bsp/cmsis_drivers/FDCAN_STM32H7xx.c:1590:16:CANx_ObjectConfigure	20	static
../../src/bsp/cmsis_drivers/FDCAN_STM32H7xx.c:1662:16:CAN1_ObjectConfigure	0	static
../../src/bsp/cmsis_drivers/FDCAN_STM32H7xx.c:1665:16:CAN2_ObjectConfigure	0	static
../../src/bsp/cmsis_drivers/FDCAN_STM32H7xx.c:1679:16:CANx_MessageSend	36	static
../../src/bsp/cmsis_drivers/FDCAN_STM32H7xx.c:1775:16:CAN1_MessageSend	16	static
../../src/bsp/cmsis_drivers/FDCAN_STM32H7xx.c:1778:16:CAN2_MessageSend	16	static
../../src/bsp/cmsis_drivers/FDCAN_STM32H7xx.c:1792:16:CANx_MessageRead	48	static
../../src/bsp/cmsis_drivers/FDCAN_STM32H7xx.c:1907:16:CAN1_MessageRead	16	static
../../src/bsp/cmsis_drivers/FDCAN_STM32H7xx.c:1910:16:CAN2_MessageRead	16	static
../../src/bsp/cmsis_drivers/FDCAN_STM32H7xx.c:1925:16:CANx_Control	16	static
../../src/bsp/cmsis_drivers/FDCAN_STM32H7xx.c:2005:16:CAN1_Control	0	static
../../src/bsp/cmsis_drivers/FDCAN_STM32H7xx.c:2008:16:CAN2_Control	0	static
../../src/bsp/cmsis_drivers/FDCAN_STM32H7xx.c:2017:23:CANx_GetStatus	8	static
../../src/bsp/cmsis_drivers/FDCAN_STM32H7xx.c:2046:23:CAN1_GetStatus	0	static
../../src/bsp/cmsis_drivers/FDCAN_STM32H7xx.c:2049:23:CAN2_GetStatus	0	static
../../src/bsp/cmsis_drivers/FDCAN_STM32H7xx.c:2057:13:CANx_Handler	56	static
../../src/bsp/cmsis_drivers/FDCAN_STM32H7xx.c:1251:33:CANx_ObjectGetCapabilities	8	static
../../src/bsp/cmsis_drivers/FDCAN_STM32H7xx.c:1274:33:CAN1_ObjectGetCapabilities	0	static
../../src/bsp/cmsis_drivers/FDCAN_STM32H7xx.c:1277:33:CAN2_ObjectGetCapabilities	0	static
../../src/libs/cmsis/Core/Include/core_cm7.h:1945:22:__NVIC_DisableIRQ	0	static
../../src/libs/cmsis/Core/Include/core_cm7.h:1998:22:__NVIC_ClearPendingIRQ	0	static
../../src/bsp/cmsis_drivers/FDCAN_STM32H7xx.c:929:16:CANx_PowerControl	24	static
../../src/bsp/cmsis_drivers/FDCAN_STM32H7xx.c:1039:16:CAN1_PowerControl	0	static
../../src/bsp/cmsis_drivers/FDCAN_STM32H7xx.c:1042:16:CAN2_PowerControl	0	static
../../src/bsp/cmsis_drivers/FDCAN_STM32H7xx.c:1050:17:CAN_GetClock	24	static
../../src/bsp/cmsis_drivers/FDCAN_STM32H7xx.c:1088:16:CANx_SetBitrate	40	static
../../src/bsp/cmsis_drivers/FDCAN_STM32H7xx.c:1141:16:CAN1_SetBitrate	0	static
../../src/bsp/cmsis_drivers/FDCAN_STM32H7xx.c:1144:16:CAN2_SetBitrate	0	static
../../src/bsp/cmsis_drivers/FDCAN_STM32H7xx.c:892:16:CAN1_Initialize	8	static
../../src/bsp/cmsis_drivers/FDCAN_STM32H7xx.c:2134:6:FDCAN1_IT0_IRQHandler	0	static
../../src/bsp/cmsis_drivers/FDCAN_STM32H7xx.c:2142:6:FDCAN2_IT0_IRQHandler	0	static
