../../src/app/AppSource/FlightSupport.c:37:13:FlightSeqOutputHandle	32	static
../../src/app/AppSource/FlightSupport.c:134:6:FlightTMOutputHandle	440	static
../../src/app/AppSource/FlightSupport.c:189:6:FlightSrvOutputHandle	128	static
../../src/app/AppSource/FlightSupport.c:221:6:FlightEngineOutputHandle	40	static
../../src/app/AppSource/FlightSupport.c:253:6:FlightOutputHandle	8	static
../../src/app/AppSource/FlightSupport.c:275:6:FlightInputGenerate	56	static
../../src/app/AppSource/FlightSupport.c:359:6:DoFlightRun	8	static
../../src/app/AppSource/FlightSupport.c:369:7:InitSafeArea	40	static
../../src/app/AppSource/FlightSupport.c:386:8:dotProduct	72	static
../../src/app/AppSource/FlightSupport.c:391:8:vectorMagnitude	40	static
../../src/app/AppSource/FlightSupport.c:397:8:calculateAngle	168	static
../../src/app/AppSource/FlightSupport.c:417:9:JudgeInSafe2	904	static
../../src/app/AppSource/FlightSupport.c:448:7:JudgeHomeward	72	static
../../src/app/AppSource/FlightSupport.c:529:7:DoOpenUm	4	static
