../../src/bsp/cmsis_drivers/I2C_STM32H7xx.c:704:26:CalcNumOfBytes	0	static
../../src/bsp/cmsis_drivers/I2C_STM32H7xx.c:727:25:CheckDmaForTx	16	static
../../src/bsp/cmsis_drivers/I2C_STM32H7xx.c:826:27:I2CX_GetVersion	8	static
../../src/bsp/cmsis_drivers/I2C_STM32H7xx.c:836:29:I2CX_GetCapabilities	0	static
../../src/bsp/cmsis_drivers/I2C_STM32H7xx.c:1746:16:I2C2_Uninitialize	0	static
../../src/bsp/cmsis_drivers/I2C_STM32H7xx.c:1770:23:I2C2_GetStatus	0	static
../../src/bsp/cmsis_drivers/I2C_STM32H7xx.c:1764:16:I2C2_GetDataCount	8	static
../../src/bsp/cmsis_drivers/I2C_STM32H7xx.c:1758:16:I2C2_SlaveTransmit	32	static
../../src/bsp/cmsis_drivers/I2C_STM32H7xx.c:1752:16:I2C2_MasterTransmit	32	static
../../src/bsp/cmsis_drivers/I2C_STM32H7xx.c:1749:16:I2C2_PowerControl	16	static
../../src/bsp/cmsis_drivers/I2C_STM32H7xx.c:1743:16:I2C2_Initialize	16	static
../../src/bsp/cmsis_drivers/I2C_STM32H7xx.c:1767:16:I2C2_Control	136	static
../../src/bsp/cmsis_drivers/I2C_STM32H7xx.c:799:22:RefreshDCacheAfterDmaRx	16	static
../../src/bsp/cmsis_drivers/I2C_STM32H7xx.c:766:25:CheckDmaForRx	8	static
../../src/bsp/cmsis_drivers/I2C_STM32H7xx.c:1761:16:I2C2_SlaveReceive	16	static
../../src/bsp/cmsis_drivers/I2C_STM32H7xx.c:1755:16:I2C2_MasterReceive	32	static
../../src/bsp/cmsis_drivers/I2C_STM32H7xx.c:1507:6:HAL_I2C_MasterTxCpltCallback	0	static
../../src/bsp/cmsis_drivers/I2C_STM32H7xx.c:1522:6:HAL_I2C_MasterRxCpltCallback	8	static
../../src/bsp/cmsis_drivers/I2C_STM32H7xx.c:1541:6:HAL_I2C_AddrCallback	8	static
../../src/bsp/cmsis_drivers/I2C_STM32H7xx.c:1586:6:HAL_I2C_SlaveTxCpltCallback	8	static
../../src/bsp/cmsis_drivers/I2C_STM32H7xx.c:1605:6:HAL_I2C_SlaveRxCpltCallback	16	static
../../src/bsp/cmsis_drivers/I2C_STM32H7xx.c:1628:6:HAL_I2C_ListenCpltCallback	0	static
../../src/bsp/cmsis_drivers/I2C_STM32H7xx.c:1640:6:HAL_I2C_ErrorCallback	8	static
../../src/bsp/cmsis_drivers/I2C_STM32H7xx.c:1679:6:HAL_I2C_AbortCpltCallback	0	static
