../../src/app/AppSource/mission/mission.c:74:6:MissionInit	48	static
../../src/app/AppSource/mission/mission.c:103:6:RunMissionTask	24	static
../../src/app/AppSource/mission/mission.c:134:13:GetOtherPlaneStatus	16	static
../../src/app/AppSource/mission/mission.c:152:13:ReportStatus	8	static
../../src/app/AppSource/mission/mission.c:172:13:VoteMaster	32	static
../../src/app/AppSource/mission/mission.c:205:13:PathPlanning	8	static
../../src/app/AppSource/mission/mission.c:233:13:BoardcastNewMission	16	static
../../src/app/AppSource/mission/mission.c:253:13:ReceivePlanningCmd	24	static
../../src/app/AppSource/mission/mission.c:272:13:DoSelfMsn	4	static
../../src/app/AppSource/mission/mission.c:345:8:SlaverHandler	16	static
../../src/app/AppSource/mission/mission.c:366:13:GenerateSlaveCmd	8	static
../../src/app/AppSource/mission/mission.c:388:13:UpdateSlaveCmd	4	static
../../src/app/AppSource/mission/mission.c:398:13:CalcSlaveWayPointFlightTarget	8	static
../../src/app/AppSource/mission/mission.c:419:13:Queue_WayPoint	16	static
../../src/app/AppSource/mission/mission.c:440:13:Surround_WayPoint	4	static
../../src/app/AppSource/mission/mission.c:448:13:SideToSide_WayPoint	4	static
../../src/app/AppSource/mission/mission.c:456:13:CalcSlaveHoverTarget	8	static
../../src/app/AppSource/mission/mission.c:490:13:Surround_Hover	16	static
../../src/app/AppSource/mission/mission.c:525:13:Queue_Hover	4	static
../../src/app/AppSource/mission/mission.c:546:13:SideToSide_Hover	4	static
../../src/app/AppSource/mission/mission.c:550:7:DoReturnHomeward	72	static
../../src/app/AppSource/mission/mission.c:583:13:GenerateTeamMsn	32	static
../../src/app/AppSource/mission/mission.c:690:6:LoadPaoIDFromFile	56	static
../../src/app/AppSource/mission/mission.c:705:6:LoadSafeArea	16	static
../../src/app/AppSource/mission/mission.c:711:8:MsnCmdHandler	4336	static
../../src/app/AppSource/mission/mission.c:779:6:UpdatePredictMsnByGround	376	static
../../src/app/AppSource/mission/mission.c:905:6:LoadAutoMsnPt	1016	static
../../src/app/AppSource/mission/mission.c:932:14:JudgeInCricle	48	static
../../src/app/AppSource/mission/mission.c:957:14:JudgeFullCricle	48	static
../../src/app/AppSource/mission/mission.c:1005:8:degrees_to_radians	16	static
../../src/app/AppSource/mission/mission.c:1011:8:radians_to_degrees	16	static
../../src/app/AppSource/mission/mission.c:1016:8:haversine_distance	88	static
../../src/app/AppSource/mission/mission.c:1027:6:calcNextPt	96	static
../../src/app/AppSource/mission/mission.c:1047:8:toRadians	16	static
../../src/app/AppSource/mission/mission.c:1052:8:calculateBearing	88	static
