../../src/app/AppSource/support/os_basic.c:61:22:crc16_byte	16	static
../../src/app/AppSource/support/os_basic.c:66:9:Chk16CRC_U8	32	static
../../src/app/AppSource/support/os_basic.c:83:15:reflect_byte	24	static
../../src/app/AppSource/support/os_basic.c:91:16:reflect_uint16	24	static
../../src/app/AppSource/support/os_basic.c:99:16:crc16_ccitt	32	static
../../src/app/AppSource/support/os_basic.c:118:7:CalCRC8	32	static
../../src/app/AppSource/support/os_basic.c:139:9:Insert16CRC_U8	32	static
../../src/app/AppSource/support/os_basic.c:154:9:Insert16CKS_U8	32	static
../../src/app/AppSource/support/os_basic.c:168:14:fun_Reflect	24	static
../../src/app/AppSource/support/os_basic.c:182:6:fun_Init_CRC32	24	static
../../src/app/AppSource/support/os_basic.c:199:14:CalCRC32	32	static
../../src/app/AppSource/support/os_basic.c:226:9:Insert32CRC_U8	32	static
../../src/app/AppSource/support/os_basic.c:233:9:Chk2in3U16	24	static
../../src/app/AppSource/support/os_basic.c:257:9:SetBit_U32	16	static
../../src/app/AppSource/support/os_basic.c:269:9:ClearBit_U32	24	static
../../src/app/AppSource/support/os_basic.c:284:9:SetBit_U16	16	static
../../src/app/AppSource/support/os_basic.c:295:9:ClearBit_U16	24	static
../../src/app/AppSource/support/os_basic.c:310:9:SetBit_U8	16	static
../../src/app/AppSource/support/os_basic.c:321:9:ClearBit_U8	24	static
../../src/app/AppSource/support/os_basic.c:336:8:CheckSum16	24	static
../../src/app/AppSource/support/os_basic.c:348:7:CheckSum8	24	static
../../src/app/AppSource/support/os_basic.c:360:8:CheckSum16_8	24	static
../../src/app/AppSource/support/os_basic.c:372:9:RangeValue	24	static
../../src/app/AppSource/support/os_basic.c:384:8:CalCKS	32	static
../../src/app/AppSource/support/os_basic.c:395:8:ROR	16	static
../../src/app/AppSource/support/os_basic.c:401:8:ROL	16	static
../../src/app/AppSource/support/os_basic.c:407:8:SwapBuff_4Byte	24	static
../../src/app/AppSource/support/os_basic.c:418:8:SwapBuff_2Byte	24	static
../../src/app/AppSource/support/os_basic.c:426:7:XorSum8	24	static
../../src/app/AppSource/support/os_basic.c:438:6:ConSys_atmosphere	96	static
