../../src/app/AppSource/flight/PGuide.c:20:6:PGuide_init	16	static
../../src/app/AppSource/flight/PGuide.c:67:6:SetPGuide	32	static
../../src/app/AppSource/flight/PGuide.c:144:6:PGuide	8	static
../../src/app/AppSource/flight/PGuide.c:156:7:GUID_LongMan	4	static
../../src/app/AppSource/flight/PGuide.c:177:6:GUID_VcmdUpdate	8	static
../../src/app/AppSource/flight/PGuide.c:232:6:GUID_GlideAngleUpdate	4	static
../../src/app/AppSource/flight/PGuide.c:243:6:GUID_RouteUpdate	4	static
../../src/app/AppSource/flight/PGuide.c:256:6:GUID_Airspeed_Ctrl	16	static
../../src/app/AppSource/flight/PGuide.c:261:7:GUID_Spec	560	static
../../src/app/AppSource/flight/PGuide.c:412:7:GUID_Way	368	static
../../src/app/AppSource/flight/PGuide.c:654:7:GUID_LongSafe	8	static
../../src/app/AppSource/flight/PGuide.c:678:7:GUID_Enter	120	static
../../src/app/AppSource/flight/PGuide.c:753:6:GUID_WxyzCal	128	static
../../src/app/AppSource/flight/PGuide.c:825:6:Guide_L1	96	static
../../src/app/AppSource/flight/PGuide.c:853:6:Guide_Line	88	static
../../src/app/AppSource/flight/PGuide.c:892:6:Guide_Circ	88	static
../../src/app/AppSource/flight/PGuide.c:920:6:GUID_GuidanceLaw	64	static
../../src/app/AppSource/flight/PGuide.c:1052:6:Los_Filter	24	static
../../src/app/AppSource/flight/PGuide.c:1066:8:Guid_VcmdInit	48	static
../../src/app/AppSource/flight/PGuide.c:1081:8:Guid_VcmdReal	32	static
../../src/app/AppSource/flight/PGuide.c:1098:6:GUID_Inte_Zero	24	static
../../src/app/AppSource/flight/PGuide.c:1106:6:GUID_Axis_Change	104	static
../../src/app/AppSource/flight/PGuide.c:1217:6:Update_Mission	16	static
../../src/app/AppSource/flight/PGuide.c:1224:6:GUID_MISSION	8	static
