../../src/bsp/fcs_cpu/stm32h7xx_it.c:103:6:NMI_Handler	4	static
../../src/bsp/fcs_cpu/stm32h7xx_it.c:119:6:HardFault_Handler	32	static
../../src/bsp/fcs_cpu/stm32h7xx_it.c:144:6:MemManage_Handler	4	static
../../src/bsp/fcs_cpu/stm32h7xx_it.c:159:6:BusFault_Handler	4	static
../../src/bsp/fcs_cpu/stm32h7xx_it.c:174:6:UsageFault_Handler	4	static
../../src/bsp/fcs_cpu/stm32h7xx_it.c:189:6:DebugMon_Handler	4	static
../../src/bsp/fcs_cpu/stm32h7xx_it.c:210:6:DMA1_Stream0_IRQHandler	8	static
../../src/bsp/fcs_cpu/stm32h7xx_it.c:224:6:DMA1_Stream1_IRQHandler	8	static
../../src/bsp/fcs_cpu/stm32h7xx_it.c:238:6:DMA1_Stream2_IRQHandler	8	static
../../src/bsp/fcs_cpu/stm32h7xx_it.c:252:6:DMA1_Stream3_IRQHandler	8	static
../../src/bsp/fcs_cpu/stm32h7xx_it.c:266:6:DMA1_Stream4_IRQHandler	8	static
../../src/bsp/fcs_cpu/stm32h7xx_it.c:280:6:DMA1_Stream5_IRQHandler	8	static
../../src/bsp/fcs_cpu/stm32h7xx_it.c:294:6:DMA1_Stream6_IRQHandler	8	static
../../src/bsp/fcs_cpu/stm32h7xx_it.c:308:6:I2C2_EV_IRQHandler	8	static
../../src/bsp/fcs_cpu/stm32h7xx_it.c:322:6:I2C2_ER_IRQHandler	8	static
../../src/bsp/fcs_cpu/stm32h7xx_it.c:336:6:SPI1_IRQHandler	8	static
../../src/bsp/fcs_cpu/stm32h7xx_it.c:350:6:USART1_IRQHandler	8	static
../../src/bsp/fcs_cpu/stm32h7xx_it.c:364:6:USART2_IRQHandler	8	static
../../src/bsp/fcs_cpu/stm32h7xx_it.c:378:6:USART3_IRQHandler	8	static
../../src/bsp/fcs_cpu/stm32h7xx_it.c:392:6:DMA1_Stream7_IRQHandler	8	static
../../src/bsp/fcs_cpu/stm32h7xx_it.c:406:6:SDMMC1_IRQHandler	8	static
../../src/bsp/fcs_cpu/stm32h7xx_it.c:420:6:UART4_IRQHandler	8	static
../../src/bsp/fcs_cpu/stm32h7xx_it.c:434:6:UART5_IRQHandler	8	static
../../src/bsp/fcs_cpu/stm32h7xx_it.c:448:6:TIM6_DAC_IRQHandler	8	static
../../src/bsp/fcs_cpu/stm32h7xx_it.c:462:6:DMA2_Stream0_IRQHandler	8	static
../../src/bsp/fcs_cpu/stm32h7xx_it.c:476:6:DMA2_Stream1_IRQHandler	8	static
../../src/bsp/fcs_cpu/stm32h7xx_it.c:490:6:DMA2_Stream2_IRQHandler	8	static
../../src/bsp/fcs_cpu/stm32h7xx_it.c:504:6:DMA2_Stream3_IRQHandler	8	static
../../src/bsp/fcs_cpu/stm32h7xx_it.c:518:6:DMA2_Stream4_IRQHandler	8	static
../../src/bsp/fcs_cpu/stm32h7xx_it.c:532:6:ETH_IRQHandler	8	static
../../src/bsp/fcs_cpu/stm32h7xx_it.c:546:6:DMA2_Stream5_IRQHandler	8	static
../../src/bsp/fcs_cpu/stm32h7xx_it.c:560:6:DMA2_Stream6_IRQHandler	8	static
../../src/bsp/fcs_cpu/stm32h7xx_it.c:574:6:DMA2_Stream7_IRQHandler	8	static
../../src/bsp/fcs_cpu/stm32h7xx_it.c:588:6:USART6_IRQHandler	8	static
../../src/bsp/fcs_cpu/stm32h7xx_it.c:602:6:UART7_IRQHandler	8	static
../../src/bsp/fcs_cpu/stm32h7xx_it.c:616:6:UART8_IRQHandler	8	static
../../src/bsp/fcs_cpu/stm32h7xx_it.c:630:6:BDMA_Channel0_IRQHandler	8	static
../../src/bsp/fcs_cpu/stm32h7xx_it.c:644:6:BDMA_Channel1_IRQHandler	8	static
../../src/bsp/fcs_cpu/stm32h7xx_it.c:658:6:LPUART1_IRQHandler	8	static
../../src/bsp/fcs_cpu/stm32h7xx_it.c:669:6:FDCAN1_IT0_IRQHandler	8	static
../../src/bsp/fcs_cpu/stm32h7xx_it.c:679:6:FDCAN2_IT0_IRQHandler	8	static
