../../src/bsp/cmsis_drivers/UART_STM32H7xx.c:331:31:UART_Resources	0	static
../../src/bsp/cmsis_drivers/UART_STM32H7xx.c:375:13:UART_PeripheralReset	0	static
../../src/bsp/cmsis_drivers/UART_STM32H7xx.c:448:26:CalcNumOfBytes	0	static
../../src/bsp/cmsis_drivers/UART_STM32H7xx.c:570:27:UART_GetVersion	8	static
../../src/bsp/cmsis_drivers/UART_STM32H7xx.c:1192:16:UART_SetModemControl	0	static
../../src/bsp/cmsis_drivers/UART_STM32H7xx.c:1205:31:UART_GetModemStatus	0	static
../../src/bsp/cmsis_drivers/UART_STM32H7xx.c:1284:1:USART1_GetCapabilities	0	static
../../src/bsp/cmsis_drivers/UART_STM32H7xx.c:1284:1:USART1_Uninitialize	0	static
../../src/bsp/cmsis_drivers/UART_STM32H7xx.c:1284:1:USART1_Transfer	0	static
../../src/bsp/cmsis_drivers/UART_STM32H7xx.c:1288:1:USART2_GetCapabilities	0	static
../../src/bsp/cmsis_drivers/UART_STM32H7xx.c:1288:1:USART2_Uninitialize	0	static
../../src/bsp/cmsis_drivers/UART_STM32H7xx.c:1292:1:USART3_GetCapabilities	0	static
../../src/bsp/cmsis_drivers/UART_STM32H7xx.c:1292:1:USART3_Uninitialize	0	static
../../src/bsp/cmsis_drivers/UART_STM32H7xx.c:1296:1:USART4_GetCapabilities	0	static
../../src/bsp/cmsis_drivers/UART_STM32H7xx.c:1296:1:USART4_Uninitialize	0	static
../../src/bsp/cmsis_drivers/UART_STM32H7xx.c:1300:1:USART5_GetCapabilities	0	static
../../src/bsp/cmsis_drivers/UART_STM32H7xx.c:1300:1:USART5_Uninitialize	0	static
../../src/bsp/cmsis_drivers/UART_STM32H7xx.c:1304:1:USART6_GetCapabilities	0	static
../../src/bsp/cmsis_drivers/UART_STM32H7xx.c:1304:1:USART6_Uninitialize	0	static
../../src/bsp/cmsis_drivers/UART_STM32H7xx.c:1308:1:USART7_GetCapabilities	0	static
../../src/bsp/cmsis_drivers/UART_STM32H7xx.c:1308:1:USART7_Uninitialize	0	static
../../src/bsp/cmsis_drivers/UART_STM32H7xx.c:1312:1:USART8_GetCapabilities	0	static
../../src/bsp/cmsis_drivers/UART_STM32H7xx.c:1312:1:USART8_Uninitialize	0	static
../../src/bsp/cmsis_drivers/UART_STM32H7xx.c:1324:1:USART21_GetCapabilities	0	static
../../src/bsp/cmsis_drivers/UART_STM32H7xx.c:1324:1:USART21_Uninitialize	0	static
../../src/bsp/cmsis_drivers/UART_STM32H7xx.c:1154:25:UART_GetStatus	24	static
../../src/bsp/cmsis_drivers/UART_STM32H7xx.c:1284:1:USART1_GetStatus	0	static
../../src/bsp/cmsis_drivers/UART_STM32H7xx.c:1288:1:USART2_GetStatus	0	static
../../src/bsp/cmsis_drivers/UART_STM32H7xx.c:1292:1:USART3_GetStatus	0	static
../../src/bsp/cmsis_drivers/UART_STM32H7xx.c:1296:1:USART4_GetStatus	0	static
../../src/bsp/cmsis_drivers/UART_STM32H7xx.c:1300:1:USART5_GetStatus	0	static
../../src/bsp/cmsis_drivers/UART_STM32H7xx.c:1304:1:USART6_GetStatus	0	static
../../src/bsp/cmsis_drivers/UART_STM32H7xx.c:1308:1:USART7_GetStatus	0	static
../../src/bsp/cmsis_drivers/UART_STM32H7xx.c:1312:1:USART8_GetStatus	0	static
../../src/bsp/cmsis_drivers/UART_STM32H7xx.c:1324:1:USART21_GetStatus	0	static
../../src/bsp/cmsis_drivers/UART_STM32H7xx.c:956:16:UART_Control	24	static
../../src/bsp/cmsis_drivers/UART_STM32H7xx.c:1284:1:USART1_Control	0	static
../../src/bsp/cmsis_drivers/UART_STM32H7xx.c:1288:1:USART2_Control	0	static
../../src/bsp/cmsis_drivers/UART_STM32H7xx.c:1292:1:USART3_Control	0	static
../../src/bsp/cmsis_drivers/UART_STM32H7xx.c:1296:1:USART4_Control	0	static
../../src/bsp/cmsis_drivers/UART_STM32H7xx.c:1300:1:USART5_Control	0	static
../../src/bsp/cmsis_drivers/UART_STM32H7xx.c:1304:1:USART6_Control	0	static
../../src/bsp/cmsis_drivers/UART_STM32H7xx.c:1308:1:USART7_Control	0	static
../../src/bsp/cmsis_drivers/UART_STM32H7xx.c:1312:1:USART8_Control	0	static
../../src/bsp/cmsis_drivers/UART_STM32H7xx.c:1324:1:USART21_Control	0	static
../../src/bsp/cmsis_drivers/UART_STM32H7xx.c:723:16:UART_Send	24	static
../../src/bsp/cmsis_drivers/UART_STM32H7xx.c:1284:1:USART1_Send	0	static
../../src/bsp/cmsis_drivers/UART_STM32H7xx.c:1288:1:USART2_Send	0	static
../../src/bsp/cmsis_drivers/UART_STM32H7xx.c:1292:1:USART3_Send	0	static
../../src/bsp/cmsis_drivers/UART_STM32H7xx.c:1296:1:USART4_Send	0	static
../../src/bsp/cmsis_drivers/UART_STM32H7xx.c:1300:1:USART5_Send	0	static
../../src/bsp/cmsis_drivers/UART_STM32H7xx.c:1304:1:USART6_Send	0	static
../../src/bsp/cmsis_drivers/UART_STM32H7xx.c:1308:1:USART7_Send	0	static
../../src/bsp/cmsis_drivers/UART_STM32H7xx.c:1312:1:USART8_Send	0	static
../../src/bsp/cmsis_drivers/UART_STM32H7xx.c:1324:1:USART21_Send	0	static
../../src/bsp/cmsis_drivers/UART_STM32H7xx.c:645:16:UART_PowerControl	8	static
../../src/bsp/cmsis_drivers/UART_STM32H7xx.c:1284:1:USART1_PowerControl	0	static
../../src/bsp/cmsis_drivers/UART_STM32H7xx.c:1288:1:USART2_PowerControl	0	static
../../src/bsp/cmsis_drivers/UART_STM32H7xx.c:1292:1:USART3_PowerControl	0	static
../../src/bsp/cmsis_drivers/UART_STM32H7xx.c:1296:1:USART4_PowerControl	0	static
../../src/bsp/cmsis_drivers/UART_STM32H7xx.c:1300:1:USART5_PowerControl	0	static
../../src/bsp/cmsis_drivers/UART_STM32H7xx.c:1304:1:USART6_PowerControl	0	static
../../src/bsp/cmsis_drivers/UART_STM32H7xx.c:1308:1:USART7_PowerControl	0	static
../../src/bsp/cmsis_drivers/UART_STM32H7xx.c:1312:1:USART8_PowerControl	0	static
../../src/bsp/cmsis_drivers/UART_STM32H7xx.c:1324:1:USART21_PowerControl	0	static
../../src/bsp/cmsis_drivers/UART_STM32H7xx.c:592:16:UART_Initialize	8	static
../../src/bsp/cmsis_drivers/UART_STM32H7xx.c:1284:1:USART1_Initialize	0	static
../../src/bsp/cmsis_drivers/UART_STM32H7xx.c:1288:1:USART2_Initialize	0	static
../../src/bsp/cmsis_drivers/UART_STM32H7xx.c:1292:1:USART3_Initialize	0	static
../../src/bsp/cmsis_drivers/UART_STM32H7xx.c:1296:1:USART4_Initialize	0	static
../../src/bsp/cmsis_drivers/UART_STM32H7xx.c:1300:1:USART5_Initialize	0	static
../../src/bsp/cmsis_drivers/UART_STM32H7xx.c:1304:1:USART6_Initialize	0	static
../../src/bsp/cmsis_drivers/UART_STM32H7xx.c:1308:1:USART7_Initialize	0	static
../../src/bsp/cmsis_drivers/UART_STM32H7xx.c:1312:1:USART8_Initialize	0	static
../../src/bsp/cmsis_drivers/UART_STM32H7xx.c:1324:1:USART21_Initialize	0	static
../../src/bsp/cmsis_drivers/UART_STM32H7xx.c:908:17:UART_GetTxCount	0	static
../../src/bsp/cmsis_drivers/UART_STM32H7xx.c:1284:1:USART1_GetGetTxCount	0	static
../../src/bsp/cmsis_drivers/UART_STM32H7xx.c:1288:1:USART2_GetGetTxCount	0	static
../../src/bsp/cmsis_drivers/UART_STM32H7xx.c:1292:1:USART3_GetGetTxCount	0	static
../../src/bsp/cmsis_drivers/UART_STM32H7xx.c:1296:1:USART4_GetGetTxCount	0	static
../../src/bsp/cmsis_drivers/UART_STM32H7xx.c:1300:1:USART5_GetGetTxCount	0	static
../../src/bsp/cmsis_drivers/UART_STM32H7xx.c:1304:1:USART6_GetGetTxCount	0	static
../../src/bsp/cmsis_drivers/UART_STM32H7xx.c:1308:1:USART7_GetGetTxCount	0	static
../../src/bsp/cmsis_drivers/UART_STM32H7xx.c:1312:1:USART8_GetGetTxCount	0	static
../../src/bsp/cmsis_drivers/UART_STM32H7xx.c:1324:1:USART21_GetGetTxCount	0	static
../../src/bsp/cmsis_drivers/UART_STM32H7xx.c:930:17:UART_GetRxCount	0	static
../../src/bsp/cmsis_drivers/UART_STM32H7xx.c:1284:1:USART1_GetGetRxCount	0	static
../../src/bsp/cmsis_drivers/UART_STM32H7xx.c:1288:1:USART2_GetGetRxCount	0	static
../../src/bsp/cmsis_drivers/UART_STM32H7xx.c:1292:1:USART3_GetGetRxCount	0	static
../../src/bsp/cmsis_drivers/UART_STM32H7xx.c:1296:1:USART4_GetGetRxCount	0	static
../../src/bsp/cmsis_drivers/UART_STM32H7xx.c:1300:1:USART5_GetGetRxCount	0	static
../../src/bsp/cmsis_drivers/UART_STM32H7xx.c:1304:1:USART6_GetGetRxCount	0	static
../../src/bsp/cmsis_drivers/UART_STM32H7xx.c:1308:1:USART7_GetGetRxCount	0	static
../../src/bsp/cmsis_drivers/UART_STM32H7xx.c:1312:1:USART8_GetGetRxCount	0	static
../../src/bsp/cmsis_drivers/UART_STM32H7xx.c:1324:1:USART21_GetGetRxCount	0	static
../../src/bsp/cmsis_drivers/UART_STM32H7xx.c:1312:1:USART8_Transfer	0	static
../../src/bsp/cmsis_drivers/UART_STM32H7xx.c:1324:1:USART21_Transfer	0	static
../../src/bsp/cmsis_drivers/UART_STM32H7xx.c:1288:1:USART2_Transfer	0	static
../../src/bsp/cmsis_drivers/UART_STM32H7xx.c:1292:1:USART3_Transfer	0	static
../../src/bsp/cmsis_drivers/UART_STM32H7xx.c:1296:1:USART4_Transfer	0	static
../../src/bsp/cmsis_drivers/UART_STM32H7xx.c:1300:1:USART5_Transfer	0	static
../../src/bsp/cmsis_drivers/UART_STM32H7xx.c:1304:1:USART6_Transfer	0	static
../../src/bsp/cmsis_drivers/UART_STM32H7xx.c:1308:1:USART7_Transfer	0	static
../../src/bsp/cmsis_drivers/UART_STM32H7xx.c:802:16:UART_Receive	24	static
../../src/bsp/cmsis_drivers/UART_STM32H7xx.c:1284:1:USART1_Receive	0	static
../../src/bsp/cmsis_drivers/UART_STM32H7xx.c:1288:1:USART2_Receive	0	static
../../src/bsp/cmsis_drivers/UART_STM32H7xx.c:1292:1:USART3_Receive	0	static
../../src/bsp/cmsis_drivers/UART_STM32H7xx.c:1296:1:USART4_Receive	0	static
../../src/bsp/cmsis_drivers/UART_STM32H7xx.c:1300:1:USART5_Receive	0	static
../../src/bsp/cmsis_drivers/UART_STM32H7xx.c:1304:1:USART6_Receive	0	static
../../src/bsp/cmsis_drivers/UART_STM32H7xx.c:1308:1:USART7_Receive	0	static
../../src/bsp/cmsis_drivers/UART_STM32H7xx.c:1312:1:USART8_Receive	0	static
../../src/bsp/cmsis_drivers/UART_STM32H7xx.c:1324:1:USART21_Receive	0	static
../../src/bsp/cmsis_drivers/UART_STM32H7xx.c:1221:6:HAL_UART_TxCpltCallback	8	static
../../src/bsp/cmsis_drivers/UART_STM32H7xx.c:1236:6:HAL_UART_RxCpltCallback	16	static
../../src/bsp/cmsis_drivers/UART_STM32H7xx.c:1255:6:HAL_UART_ErrorCallback	8	static
