../../src/app/AppSource/flight/WP.c:13:6:WP_InitRoutePoint	8	static
../../src/app/AppSource/flight/WP.c:81:8:WP_Psi2Psi360	24	static
../../src/app/AppSource/flight/WP.c:100:9:WP_Psi2Psi	24	static
../../src/app/AppSource/flight/WP.c:117:9:WP_Psi	32	static
../../src/app/AppSource/flight/WP.c:133:7:WP_Pos2XY	88	static
../../src/app/AppSource/flight/WP.c:151:7:WP_XY2Pos	64	static
../../src/app/AppSource/flight/WP.c:164:7:WP_RotateXY	56	static
../../src/app/AppSource/flight/WP.c:187:6:WP_GetLine	192	static
../../src/app/AppSource/flight/WP.c:248:6:WP_GetLine2Point	40	static
../../src/app/AppSource/flight/WP.c:269:7:WP_MakeLine	88	static
../../src/app/AppSource/flight/WP.c:287:7:WP_LateWay	88	static
../../src/app/AppSource/flight/WP.c:353:6:WP_GetPoint	16	static
../../src/app/AppSource/flight/WP.c:385:6:WP_MakeCirc	120	static
../../src/app/AppSource/flight/WP.c:413:5:WP_MakeDR	144	static
../../src/app/AppSource/flight/WP.c:508:7:WP_LateCirc	144	static
../../src/app/AppSource/flight/WP.c:558:5:WP_LateTgoCal	48	static
../../src/app/AppSource/flight/WP.c:572:7:WP_GetDubinsR2g	24	static
../../src/app/AppSource/flight/WP.c:585:6:WP_LateDubins	288	static
../../src/app/AppSource/flight/WP.c:623:6:WP_DubinsMakeCD	80	static
../../src/app/AppSource/flight/WP.c:636:13:WP_DubinsCal	352	static
../../src/app/AppSource/flight/WP.c:1131:6:WP_DubinsUpdate	16	static
