../../src/app/AppSource/support/common.c:30:8:ChkStandardFrame	24	static
../../src/app/AppSource/support/common.c:63:28:PeekStandardMessage	3120	static
../../src/app/AppSource/support/common.c:123:14:RecvMessageS422FPGA	2096	static
../../src/app/AppSource/support/common.c:167:8:SendCRCed422Message	16	static
../../src/app/AppSource/support/common.c:197:21:PeekCanMessage	40	static
../../src/app/AppSource/support/common.c:275:6:DoCalcXYZ	184	static
../../src/app/AppSource/support/common.c:301:6:ConSys_Matrix3x1	40	static
../../src/app/AppSource/support/common.c:330:6:ConSys_Matrix3x3	48	static
../../src/app/AppSource/support/common.c:362:6:ConSys_cx	32	static
../../src/app/AppSource/support/common.c:390:6:ConSys_cy	32	static
../../src/app/AppSource/support/common.c:418:6:ConSys_cz	32	static
../../src/app/AppSource/support/common.c:446:6:ConSys_EarthLBH_To_EarthFixed	88	static
../../src/app/AppSource/support/common.c:479:6:ConSys_M3x3_transpose	24	static
../../src/app/AppSource/support/common.c:506:6:CalcRoxyz	120	static
../../src/app/AppSource/support/common.c:521:6:ConSys_EarthWGS84_To_Launch	1176	static
