../../src/libs/cmsis/Core/Include/core_cm7.h:1907:22:__NVIC_EnableIRQ	16	static
../../src/libs/cmsis/Core/Include/core_cm7.h:1945:22:__NVIC_DisableIRQ	16	static
../../src/libs/cmsis/Core/Include/core_cm7.h:1998:22:__NVIC_ClearPendingIRQ	16	static
../../src/bsp/cmsis_drivers/FDCAN_STM32H7xx.c:849:27:CAN_GetVersion	16	static
../../src/bsp/cmsis_drivers/FDCAN_STM32H7xx.c:858:29:CAN1_GetCapabilities	4	static
../../src/bsp/cmsis_drivers/FDCAN_STM32H7xx.c:861:29:CAN2_GetCapabilities	4	static
../../src/bsp/cmsis_drivers/FDCAN_STM32H7xx.c:873:16:CANx_Initialize	24	static
../../src/bsp/cmsis_drivers/FDCAN_STM32H7xx.c:892:16:CAN1_Initialize	16	static
../../src/bsp/cmsis_drivers/FDCAN_STM32H7xx.c:895:16:CAN2_Initialize	16	static
../../src/bsp/cmsis_drivers/FDCAN_STM32H7xx.c:904:16:CANx_Uninitialize	16	static
../../src/bsp/cmsis_drivers/FDCAN_STM32H7xx.c:913:16:CAN1_Uninitialize	8	static
../../src/bsp/cmsis_drivers/FDCAN_STM32H7xx.c:916:16:CAN2_Uninitialize	8	static
../../src/bsp/cmsis_drivers/FDCAN_STM32H7xx.c:929:16:CANx_PowerControl	24	static
../../src/bsp/cmsis_drivers/FDCAN_STM32H7xx.c:1039:16:CAN1_PowerControl	16	static
../../src/bsp/cmsis_drivers/FDCAN_STM32H7xx.c:1042:16:CAN2_PowerControl	16	static
../../src/bsp/cmsis_drivers/FDCAN_STM32H7xx.c:1050:17:CAN_GetClock	40	static
../../src/bsp/cmsis_drivers/FDCAN_STM32H7xx.c:1088:16:CANx_SetBitrate	64	static
../../src/bsp/cmsis_drivers/FDCAN_STM32H7xx.c:1141:16:CAN1_SetBitrate	24	static
../../src/bsp/cmsis_drivers/FDCAN_STM32H7xx.c:1144:16:CAN2_SetBitrate	24	static
../../src/bsp/cmsis_drivers/FDCAN_STM32H7xx.c:1160:16:CANx_SetMode	24	static
../../src/bsp/cmsis_drivers/FDCAN_STM32H7xx.c:1238:16:CAN1_SetMode	16	static
../../src/bsp/cmsis_drivers/FDCAN_STM32H7xx.c:1241:16:CAN2_SetMode	16	static
../../src/bsp/cmsis_drivers/FDCAN_STM32H7xx.c:1251:33:CANx_ObjectGetCapabilities	24	static
../../src/bsp/cmsis_drivers/FDCAN_STM32H7xx.c:1274:33:CAN1_ObjectGetCapabilities	16	static
../../src/bsp/cmsis_drivers/FDCAN_STM32H7xx.c:1277:33:CAN2_ObjectGetCapabilities	16	static
../../src/bsp/cmsis_drivers/FDCAN_STM32H7xx.c:1296:16:CANx_ObjectSetFilter	40	static
../../src/bsp/cmsis_drivers/FDCAN_STM32H7xx.c:1571:16:CAN1_ObjectSetFilter	32	static
../../src/bsp/cmsis_drivers/FDCAN_STM32H7xx.c:1574:16:CAN2_ObjectSetFilter	32	static
../../src/bsp/cmsis_drivers/FDCAN_STM32H7xx.c:1590:16:CANx_ObjectConfigure	24	static
../../src/bsp/cmsis_drivers/FDCAN_STM32H7xx.c:1662:16:CAN1_ObjectConfigure	16	static
../../src/bsp/cmsis_drivers/FDCAN_STM32H7xx.c:1665:16:CAN2_ObjectConfigure	16	static
../../src/bsp/cmsis_drivers/FDCAN_STM32H7xx.c:1679:16:CANx_MessageSend	64	static
../../src/bsp/cmsis_drivers/FDCAN_STM32H7xx.c:1775:16:CAN1_MessageSend	32	static
../../src/bsp/cmsis_drivers/FDCAN_STM32H7xx.c:1778:16:CAN2_MessageSend	32	static
../../src/bsp/cmsis_drivers/FDCAN_STM32H7xx.c:1792:16:CANx_MessageRead	56	static
../../src/bsp/cmsis_drivers/FDCAN_STM32H7xx.c:1907:16:CAN1_MessageRead	32	static
../../src/bsp/cmsis_drivers/FDCAN_STM32H7xx.c:1910:16:CAN2_MessageRead	32	static
../../src/bsp/cmsis_drivers/FDCAN_STM32H7xx.c:1925:16:CANx_Control	32	static
../../src/bsp/cmsis_drivers/FDCAN_STM32H7xx.c:2005:16:CAN1_Control	16	static
../../src/bsp/cmsis_drivers/FDCAN_STM32H7xx.c:2008:16:CAN2_Control	16	static
../../src/bsp/cmsis_drivers/FDCAN_STM32H7xx.c:2017:23:CANx_GetStatus	32	static
../../src/bsp/cmsis_drivers/FDCAN_STM32H7xx.c:2046:23:CAN1_GetStatus	8	static
../../src/bsp/cmsis_drivers/FDCAN_STM32H7xx.c:2049:23:CAN2_GetStatus	8	static
../../src/bsp/cmsis_drivers/FDCAN_STM32H7xx.c:2057:13:CANx_Handler	56	static
../../src/bsp/cmsis_drivers/FDCAN_STM32H7xx.c:2134:6:FDCAN1_IT0_IRQHandler	8	static
../../src/bsp/cmsis_drivers/FDCAN_STM32H7xx.c:2142:6:FDCAN2_IT0_IRQHandler	8	static
