../../src/app/AppSource/FlightSupport.c:37:13:FlightSeqOutputHandle	4	static
../../src/app/AppSource/FlightSupport.c:143:6:FlightTMOutputHandle	56	static
../../src/app/AppSource/FlightSupport.c:170:8:RudderTranMatix	24	static
../../src/app/AppSource/FlightSupport.c:184:6:FlightSrvOutputHandle	40	static
../../src/app/AppSource/FlightSupport.c:203:6:FlightEngineOutputHandle	24	static
../../src/app/AppSource/FlightSupport.c:228:6:FlightOutputHandle	8	static
../../src/app/AppSource/FlightSupport.c:252:6:FlightInputGenerate	56	static
../../src/app/AppSource/FlightSupport.c:320:6:DoFlightRun	8	static
../../src/app/AppSource/FlightSupport.c:328:7:InitSafeArea	4	static
../../src/app/AppSource/FlightSupport.c:344:8:dotProduct	72	static
../../src/app/AppSource/FlightSupport.c:349:8:vectorMagnitude	40	static
../../src/app/AppSource/FlightSupport.c:355:8:calculateAngle	168	static
../../src/app/AppSource/FlightSupport.c:375:9:JudgeInSafe2	840	static
../../src/app/AppSource/FlightSupport.c:406:7:JudgeHomeward	64	static
../../src/app/AppSource/FlightSupport.c:455:6:Flight_Loadfile_Init	4	static
../../src/app/AppSource/FlightSupport.c:471:8:toRadians	16	static
../../src/app/AppSource/FlightSupport.c:476:8:calculateBearing	88	static
../../src/app/AppSource/FlightSupport.c:496:7:DoReturnHomeward	88	static
../../src/app/AppSource/FlightSupport.c:512:7:DoOpenUm	16	static
