../../src/bsp/cmsis_drivers/DCache_STM32H7xx.h:37:26:DCache_IsEnabled	16	static
../../src/bsp/cmsis_drivers/DCache_STM32H7xx.h:54:26:DCache_IsAligned	24	static
../../src/bsp/cmsis_drivers/DCache_STM32H7xx.h:70:22:DCache_Flush	40	static
../../src/bsp/cmsis_drivers/DCache_STM32H7xx.h:85:22:DCache_Refresh	40	static
../../src/bsp/cmsis_drivers/I2C_STM32H7xx.c:482:23:I2C_GetResources	24	static
../../src/bsp/cmsis_drivers/I2C_STM32H7xx.c:509:17:I2C_GetPeriClock	48	static
../../src/bsp/cmsis_drivers/I2C_STM32H7xx.c:561:16:I2C_GetSCLRatio	64	static
../../src/bsp/cmsis_drivers/I2C_STM32H7xx.c:612:17:I2C_GetTimingValue	80	static
../../src/bsp/cmsis_drivers/I2C_STM32H7xx.c:704:26:CalcNumOfBytes	24	static
../../src/bsp/cmsis_drivers/I2C_STM32H7xx.c:727:25:CheckDmaForTx	32	static
../../src/bsp/cmsis_drivers/I2C_STM32H7xx.c:766:25:CheckDmaForRx	32	static
../../src/bsp/cmsis_drivers/I2C_STM32H7xx.c:799:22:RefreshDCacheAfterDmaRx	32	static
../../src/bsp/cmsis_drivers/I2C_STM32H7xx.c:826:27:I2CX_GetVersion	16	static
../../src/bsp/cmsis_drivers/I2C_STM32H7xx.c:836:29:I2CX_GetCapabilities	4	static
../../src/bsp/cmsis_drivers/I2C_STM32H7xx.c:848:16:I2C_Initialize	16	static
../../src/bsp/cmsis_drivers/I2C_STM32H7xx.c:879:16:I2C_Uninitialize	16	static
../../src/bsp/cmsis_drivers/I2C_STM32H7xx.c:895:16:I2C_PowerControl	24	static
../../src/bsp/cmsis_drivers/I2C_STM32H7xx.c:976:16:I2C_MasterTransmit	64	static
../../src/bsp/cmsis_drivers/I2C_STM32H7xx.c:1070:16:I2C_MasterReceive	56	static
../../src/bsp/cmsis_drivers/I2C_STM32H7xx.c:1163:16:I2C_SlaveTransmit	40	static
../../src/bsp/cmsis_drivers/I2C_STM32H7xx.c:1223:16:I2C_SlaveReceive	40	static
../../src/bsp/cmsis_drivers/I2C_STM32H7xx.c:1276:16:I2C_GetDataCount	32	static
../../src/bsp/cmsis_drivers/I2C_STM32H7xx.c:1318:16:I2C_Control	80	static
../../src/bsp/cmsis_drivers/I2C_STM32H7xx.c:1501:23:I2C_GetStatus	16	static
../../src/bsp/cmsis_drivers/I2C_STM32H7xx.c:1507:6:HAL_I2C_MasterTxCpltCallback	24	static
../../src/bsp/cmsis_drivers/I2C_STM32H7xx.c:1522:6:HAL_I2C_MasterRxCpltCallback	24	static
../../src/bsp/cmsis_drivers/I2C_STM32H7xx.c:1541:6:HAL_I2C_AddrCallback	24	static
../../src/bsp/cmsis_drivers/I2C_STM32H7xx.c:1586:6:HAL_I2C_SlaveTxCpltCallback	24	static
../../src/bsp/cmsis_drivers/I2C_STM32H7xx.c:1605:6:HAL_I2C_SlaveRxCpltCallback	24	static
../../src/bsp/cmsis_drivers/I2C_STM32H7xx.c:1628:6:HAL_I2C_ListenCpltCallback	24	static
../../src/bsp/cmsis_drivers/I2C_STM32H7xx.c:1640:6:HAL_I2C_ErrorCallback	32	static
../../src/bsp/cmsis_drivers/I2C_STM32H7xx.c:1679:6:HAL_I2C_AbortCpltCallback	24	static
../../src/bsp/cmsis_drivers/I2C_STM32H7xx.c:1743:16:I2C2_Initialize	16	static
../../src/bsp/cmsis_drivers/I2C_STM32H7xx.c:1746:16:I2C2_Uninitialize	8	static
../../src/bsp/cmsis_drivers/I2C_STM32H7xx.c:1749:16:I2C2_PowerControl	16	static
../../src/bsp/cmsis_drivers/I2C_STM32H7xx.c:1752:16:I2C2_MasterTransmit	32	static
../../src/bsp/cmsis_drivers/I2C_STM32H7xx.c:1755:16:I2C2_MasterReceive	32	static
../../src/bsp/cmsis_drivers/I2C_STM32H7xx.c:1758:16:I2C2_SlaveTransmit	16	static
../../src/bsp/cmsis_drivers/I2C_STM32H7xx.c:1761:16:I2C2_SlaveReceive	16	static
../../src/bsp/cmsis_drivers/I2C_STM32H7xx.c:1764:16:I2C2_GetDataCount	8	static
../../src/bsp/cmsis_drivers/I2C_STM32H7xx.c:1767:16:I2C2_Control	16	static
../../src/bsp/cmsis_drivers/I2C_STM32H7xx.c:1770:23:I2C2_GetStatus	8	static
