../../src/app/NavSource/nav/nav2.c:125:6:cal_RR	40	static
../../src/app/NavSource/nav/nav2.c:147:6:matrix	40	static
../../src/app/NavSource/nav/nav2.c:165:6:matrixT	40	static
../../src/app/NavSource/nav/nav2.c:193:5:brinv	72	static
../../src/app/NavSource/nav/nav2.c:289:6:Initial	48	static
../../src/app/NavSource/nav/nav2.c:385:9:f_max	24	static
../../src/app/NavSource/nav/nav2.c:398:6:ag_initP	64	static
../../src/app/NavSource/nav/nav2.c:427:6:quan	240	static
../../src/app/NavSource/nav/nav2.c:472:6:quan1	264	static
../../src/app/NavSource/nav/nav2.c:519:6:quan_cbn_angle	24	static
../../src/app/NavSource/nav/nav2.c:589:7:cal_Q_Iner	56	static
../../src/app/NavSource/nav/nav2.c:606:6:CAL_New_Q_Iner_ddd	256	static
../../src/app/NavSource/nav/nav2.c:653:6:Cal_Angle_Iner	24	static
../../src/app/NavSource/nav/nav2.c:680:7:cal_Vector_Mul	24	static
../../src/app/NavSource/nav/nav2.c:687:7:Copy_Vector	32	static
../../src/app/NavSource/nav/nav2.c:696:7:cal_StandVector	32	static
../../src/app/NavSource/nav/nav2.c:747:9:cal_Gravity	48	static
../../src/app/NavSource/nav/nav2.c:756:7:Initial_Iner	4	static
../../src/app/NavSource/nav/nav2.c:766:7:cal_Global_DH	128	static
../../src/app/NavSource/nav/nav2.c:1022:6:norm_quan	24	static
../../src/app/NavSource/nav/nav2.c:1041:6:DeFia	48	static
../../src/app/NavSource/nav/nav2.c:1060:5:Kalman	24056	static
../../src/app/NavSource/nav/nav2.c:1155:5:Est	288	static
../../src/app/NavSource/nav/nav2.c:1185:7:quan_Mine	240	static
../../src/app/NavSource/nav/nav2.c:1240:6:NavInit	88	static
../../src/app/NavSource/nav/nav2.c:1292:7:cal_nav	88	static
../../src/app/NavSource/nav/nav2.c:1363:6:cal_FF	48	static
../../src/app/NavSource/nav/nav2.c:1446:7:cal_Z_AND_R_ZITAI	88	static
../../src/app/NavSource/nav/nav2.c:1487:7:cal_acc_angle	56	static
../../src/app/NavSource/nav/nav2.c:1512:7:cal_Z_GPS	112	static
../../src/app/NavSource/nav/nav2.c:1588:6:Klm_Total	32	static
../../src/app/NavSource/nav/nav2.c:1616:6:NavLoop	1752	static
