../../src/app/AppSource/support/os_basic.c:41:22:crc16_byte	16	static
../../src/app/AppSource/support/os_basic.c:46:9:Chk16CRC_U8	32	static
../../src/app/AppSource/support/os_basic.c:63:9:Insert16CRC_U8	32	static
../../src/app/AppSource/support/os_basic.c:78:9:Insert16CKS_U8	32	static
../../src/app/AppSource/support/os_basic.c:92:14:fun_Reflect	24	static
../../src/app/AppSource/support/os_basic.c:106:6:fun_Init_CRC32	24	static
../../src/app/AppSource/support/os_basic.c:123:14:CalCRC32	24	static
../../src/app/AppSource/support/os_basic.c:144:9:Insert32CRC_U8	32	static
../../src/app/AppSource/support/os_basic.c:151:9:Chk2in3U16	24	static
../../src/app/AppSource/support/os_basic.c:175:9:SetBit_U32	16	static
../../src/app/AppSource/support/os_basic.c:187:9:ClearBit_U32	24	static
../../src/app/AppSource/support/os_basic.c:202:9:SetBit_U16	16	static
../../src/app/AppSource/support/os_basic.c:213:9:ClearBit_U16	24	static
../../src/app/AppSource/support/os_basic.c:228:9:SetBit_U8	16	static
../../src/app/AppSource/support/os_basic.c:239:9:ClearBit_U8	24	static
../../src/app/AppSource/support/os_basic.c:254:8:CheckSum16	24	static
../../src/app/AppSource/support/os_basic.c:266:7:CheckSum8	24	static
../../src/app/AppSource/support/os_basic.c:278:9:RangeValue	24	static
../../src/app/AppSource/support/os_basic.c:290:8:CalCKS	32	static
../../src/app/AppSource/support/os_basic.c:301:8:ROR	16	static
../../src/app/AppSource/support/os_basic.c:307:8:ROL	16	static
../../src/app/AppSource/support/os_basic.c:313:8:SwapBuff_4Byte	24	static
../../src/app/AppSource/support/os_basic.c:324:8:SwapBuff_2Byte	24	static
../../src/app/AppSource/support/os_basic.c:332:7:XorSum8	24	static
../../src/app/AppSource/support/os_basic.c:344:6:ConSys_atmosphere	96	static
