d:/Users/lenovo/AppData/Local/Arm/Packs/Keil/STM32H7xx_DFP/3.1.1/CMSIS/Driver/DCache_STM32H7xx.h:37:26:DCache_IsEnabled	16	static
d:/Users/lenovo/AppData/Local/Arm/Packs/Keil/STM32H7xx_DFP/3.1.1/CMSIS/Driver/DCache_STM32H7xx.h:54:26:DCache_IsAligned	24	static
d:/Users/lenovo/AppData/Local/Arm/Packs/Keil/STM32H7xx_DFP/3.1.1/CMSIS/Driver/DCache_STM32H7xx.h:70:22:DCache_Flush	40	static
d:/Users/lenovo/AppData/Local/Arm/Packs/Keil/STM32H7xx_DFP/3.1.1/CMSIS/Driver/DCache_STM32H7xx.h:85:22:DCache_Refresh	40	static
d:/Users/lenovo/AppData/Local/Arm/Packs/Keil/STM32H7xx_DFP/3.1.1/CMSIS/Driver/SPI_STM32H7xx.c:337:30:SPI_Resources	24	static
d:/Users/lenovo/AppData/Local/Arm/Packs/Keil/STM32H7xx_DFP/3.1.1/CMSIS/Driver/SPI_STM32H7xx.c:366:17:SPI_GetClk	16	static
d:/Users/lenovo/AppData/Local/Arm/Packs/Keil/STM32H7xx_DFP/3.1.1/CMSIS/Driver/SPI_STM32H7xx.c:483:13:SPI_PeripheralReset	16	static
d:/Users/lenovo/AppData/Local/Arm/Packs/Keil/STM32H7xx_DFP/3.1.1/CMSIS/Driver/SPI_STM32H7xx.c:532:26:CalcNumOfBytes	24	static
d:/Users/lenovo/AppData/Local/Arm/Packs/Keil/STM32H7xx_DFP/3.1.1/CMSIS/Driver/SPI_STM32H7xx.c:555:25:CheckDmaForTx	32	static
d:/Users/lenovo/AppData/Local/Arm/Packs/Keil/STM32H7xx_DFP/3.1.1/CMSIS/Driver/SPI_STM32H7xx.c:594:25:CheckDmaForRx	32	static
d:/Users/lenovo/AppData/Local/Arm/Packs/Keil/STM32H7xx_DFP/3.1.1/CMSIS/Driver/SPI_STM32H7xx.c:627:22:RefreshDCacheAfterDmaRx	32	static
d:/Users/lenovo/AppData/Local/Arm/Packs/Keil/STM32H7xx_DFP/3.1.1/CMSIS/Driver/SPI_STM32H7xx.c:654:27:SPIX_GetVersion	16	static
d:/Users/lenovo/AppData/Local/Arm/Packs/Keil/STM32H7xx_DFP/3.1.1/CMSIS/Driver/SPI_STM32H7xx.c:663:29:SPIX_GetCapabilities	4	static
d:/Users/lenovo/AppData/Local/Arm/Packs/Keil/STM32H7xx_DFP/3.1.1/CMSIS/Driver/SPI_STM32H7xx.c:674:16:SPI_Initialize	16	static
d:/Users/lenovo/AppData/Local/Arm/Packs/Keil/STM32H7xx_DFP/3.1.1/CMSIS/Driver/SPI_STM32H7xx.c:703:16:SPI_Uninitialize	16	static
d:/Users/lenovo/AppData/Local/Arm/Packs/Keil/STM32H7xx_DFP/3.1.1/CMSIS/Driver/SPI_STM32H7xx.c:724:16:SPI_PowerControl	16	static
d:/Users/lenovo/AppData/Local/Arm/Packs/Keil/STM32H7xx_DFP/3.1.1/CMSIS/Driver/SPI_STM32H7xx.c:787:16:SPI_Send	32	static
d:/Users/lenovo/AppData/Local/Arm/Packs/Keil/STM32H7xx_DFP/3.1.1/CMSIS/Driver/SPI_STM32H7xx.c:850:16:SPI_Receive	40	static
d:/Users/lenovo/AppData/Local/Arm/Packs/Keil/STM32H7xx_DFP/3.1.1/CMSIS/Driver/SPI_STM32H7xx.c:936:16:SPI_Transfer	32	static
d:/Users/lenovo/AppData/Local/Arm/Packs/Keil/STM32H7xx_DFP/3.1.1/CMSIS/Driver/SPI_STM32H7xx.c:999:17:SPI_GetDataCount	16	static
d:/Users/lenovo/AppData/Local/Arm/Packs/Keil/STM32H7xx_DFP/3.1.1/CMSIS/Driver/SPI_STM32H7xx.c:1042:16:SPI_Control	56	static
d:/Users/lenovo/AppData/Local/Arm/Packs/Keil/STM32H7xx_DFP/3.1.1/CMSIS/Driver/SPI_STM32H7xx.c:1406:23:SPI_GetStatus	24	static
d:/Users/lenovo/AppData/Local/Arm/Packs/Keil/STM32H7xx_DFP/3.1.1/CMSIS/Driver/SPI_STM32H7xx.c:1440:13:SPI_TransferComplete	24	static
d:/Users/lenovo/AppData/Local/Arm/Packs/Keil/STM32H7xx_DFP/3.1.1/CMSIS/Driver/SPI_STM32H7xx.c:1461:6:HAL_SPI_TxCpltCallback	24	static
d:/Users/lenovo/AppData/Local/Arm/Packs/Keil/STM32H7xx_DFP/3.1.1/CMSIS/Driver/SPI_STM32H7xx.c:1475:6:HAL_SPI_RxCpltCallback	16	static
d:/Users/lenovo/AppData/Local/Arm/Packs/Keil/STM32H7xx_DFP/3.1.1/CMSIS/Driver/SPI_STM32H7xx.c:1485:6:HAL_SPI_TxRxCpltCallback	16	static
d:/Users/lenovo/AppData/Local/Arm/Packs/Keil/STM32H7xx_DFP/3.1.1/CMSIS/Driver/SPI_STM32H7xx.c:1495:6:HAL_SPI_ErrorCallback	32	static
d:/Users/lenovo/AppData/Local/Arm/Packs/Keil/STM32H7xx_DFP/3.1.1/CMSIS/Driver/SPI_STM32H7xx.c:1517:1:SPI1_Initialize	16	static
d:/Users/lenovo/AppData/Local/Arm/Packs/Keil/STM32H7xx_DFP/3.1.1/CMSIS/Driver/SPI_STM32H7xx.c:1517:1:SPI1_Uninitialize	8	static
d:/Users/lenovo/AppData/Local/Arm/Packs/Keil/STM32H7xx_DFP/3.1.1/CMSIS/Driver/SPI_STM32H7xx.c:1517:1:SPI1_PowerControl	16	static
d:/Users/lenovo/AppData/Local/Arm/Packs/Keil/STM32H7xx_DFP/3.1.1/CMSIS/Driver/SPI_STM32H7xx.c:1517:1:SPI1_Send	16	static
d:/Users/lenovo/AppData/Local/Arm/Packs/Keil/STM32H7xx_DFP/3.1.1/CMSIS/Driver/SPI_STM32H7xx.c:1517:1:SPI1_Receive	16	static
d:/Users/lenovo/AppData/Local/Arm/Packs/Keil/STM32H7xx_DFP/3.1.1/CMSIS/Driver/SPI_STM32H7xx.c:1517:1:SPI1_Transfer	24	static
d:/Users/lenovo/AppData/Local/Arm/Packs/Keil/STM32H7xx_DFP/3.1.1/CMSIS/Driver/SPI_STM32H7xx.c:1517:1:SPI1_GetDataCount	8	static
d:/Users/lenovo/AppData/Local/Arm/Packs/Keil/STM32H7xx_DFP/3.1.1/CMSIS/Driver/SPI_STM32H7xx.c:1517:1:SPI1_Control	16	static
d:/Users/lenovo/AppData/Local/Arm/Packs/Keil/STM32H7xx_DFP/3.1.1/CMSIS/Driver/SPI_STM32H7xx.c:1517:1:SPI1_GetStatus	8	static
