../../src/bsp/cmsis_drivers/DCache_STM32H7xx.h:37:26:DCache_IsEnabled	16	static
../../src/bsp/cmsis_drivers/DCache_STM32H7xx.h:54:26:DCache_IsAligned	24	static
../../src/bsp/cmsis_drivers/DCache_STM32H7xx.h:70:22:DCache_Flush	40	static
../../src/bsp/cmsis_drivers/DCache_STM32H7xx.h:85:22:DCache_Refresh	40	static
../../src/bsp/cmsis_drivers/UART_STM32H7xx.c:331:31:UART_Resources	24	static
../../src/bsp/cmsis_drivers/UART_STM32H7xx.c:375:13:UART_PeripheralReset	16	static
../../src/bsp/cmsis_drivers/UART_STM32H7xx.c:448:26:CalcNumOfBytes	24	static
../../src/bsp/cmsis_drivers/UART_STM32H7xx.c:471:25:CheckDmaForTx	32	static
../../src/bsp/cmsis_drivers/UART_STM32H7xx.c:510:25:CheckDmaForRx	32	static
../../src/bsp/cmsis_drivers/UART_STM32H7xx.c:543:22:RefreshDCacheAfterDmaRx	32	static
../../src/bsp/cmsis_drivers/UART_STM32H7xx.c:570:27:UART_GetVersion	16	static
../../src/bsp/cmsis_drivers/UART_STM32H7xx.c:580:31:UART_GetCapabilities	16	static
../../src/bsp/cmsis_drivers/UART_STM32H7xx.c:592:16:UART_Initialize	16	static
../../src/bsp/cmsis_drivers/UART_STM32H7xx.c:630:16:UART_Uninitialize	16	static
../../src/bsp/cmsis_drivers/UART_STM32H7xx.c:645:16:UART_PowerControl	16	static
../../src/bsp/cmsis_drivers/UART_STM32H7xx.c:723:16:UART_Send	40	static
../../src/bsp/cmsis_drivers/UART_STM32H7xx.c:802:16:UART_Receive	40	static
../../src/bsp/cmsis_drivers/UART_STM32H7xx.c:887:16:UART_Transfer	24	static
../../src/bsp/cmsis_drivers/UART_STM32H7xx.c:907:17:UART_GetTxCount	24	static
../../src/bsp/cmsis_drivers/UART_STM32H7xx.c:929:17:UART_GetRxCount	24	static
../../src/bsp/cmsis_drivers/UART_STM32H7xx.c:955:16:UART_Control	32	static
../../src/bsp/cmsis_drivers/UART_STM32H7xx.c:1153:25:UART_GetStatus	24	static
../../src/bsp/cmsis_drivers/UART_STM32H7xx.c:1191:16:UART_SetModemControl	16	static
../../src/bsp/cmsis_drivers/UART_STM32H7xx.c:1204:31:UART_GetModemStatus	16	static
../../src/bsp/cmsis_drivers/UART_STM32H7xx.c:1220:6:HAL_UART_TxCpltCallback	24	static
../../src/bsp/cmsis_drivers/UART_STM32H7xx.c:1235:6:HAL_UART_RxCpltCallback	24	static
../../src/bsp/cmsis_drivers/UART_STM32H7xx.c:1254:6:HAL_UART_ErrorCallback	32	static
../../src/bsp/cmsis_drivers/UART_STM32H7xx.c:1283:1:USART1_GetCapabilities	8	static
../../src/bsp/cmsis_drivers/UART_STM32H7xx.c:1283:1:USART1_Initialize	16	static
../../src/bsp/cmsis_drivers/UART_STM32H7xx.c:1283:1:USART1_Uninitialize	8	static
../../src/bsp/cmsis_drivers/UART_STM32H7xx.c:1283:1:USART1_PowerControl	16	static
../../src/bsp/cmsis_drivers/UART_STM32H7xx.c:1283:1:USART1_Send	16	static
../../src/bsp/cmsis_drivers/UART_STM32H7xx.c:1283:1:USART1_Receive	16	static
../../src/bsp/cmsis_drivers/UART_STM32H7xx.c:1283:1:USART1_Transfer	24	static
../../src/bsp/cmsis_drivers/UART_STM32H7xx.c:1283:1:USART1_GetGetTxCount	8	static
../../src/bsp/cmsis_drivers/UART_STM32H7xx.c:1283:1:USART1_GetGetRxCount	8	static
../../src/bsp/cmsis_drivers/UART_STM32H7xx.c:1283:1:USART1_Control	16	static
../../src/bsp/cmsis_drivers/UART_STM32H7xx.c:1283:1:USART1_GetStatus	8	static
../../src/bsp/cmsis_drivers/UART_STM32H7xx.c:1287:1:USART2_GetCapabilities	8	static
../../src/bsp/cmsis_drivers/UART_STM32H7xx.c:1287:1:USART2_Initialize	16	static
../../src/bsp/cmsis_drivers/UART_STM32H7xx.c:1287:1:USART2_Uninitialize	8	static
../../src/bsp/cmsis_drivers/UART_STM32H7xx.c:1287:1:USART2_PowerControl	16	static
../../src/bsp/cmsis_drivers/UART_STM32H7xx.c:1287:1:USART2_Send	16	static
../../src/bsp/cmsis_drivers/UART_STM32H7xx.c:1287:1:USART2_Receive	16	static
../../src/bsp/cmsis_drivers/UART_STM32H7xx.c:1287:1:USART2_Transfer	24	static
../../src/bsp/cmsis_drivers/UART_STM32H7xx.c:1287:1:USART2_GetGetTxCount	8	static
../../src/bsp/cmsis_drivers/UART_STM32H7xx.c:1287:1:USART2_GetGetRxCount	8	static
../../src/bsp/cmsis_drivers/UART_STM32H7xx.c:1287:1:USART2_Control	16	static
../../src/bsp/cmsis_drivers/UART_STM32H7xx.c:1287:1:USART2_GetStatus	8	static
../../src/bsp/cmsis_drivers/UART_STM32H7xx.c:1291:1:USART3_GetCapabilities	8	static
../../src/bsp/cmsis_drivers/UART_STM32H7xx.c:1291:1:USART3_Initialize	16	static
../../src/bsp/cmsis_drivers/UART_STM32H7xx.c:1291:1:USART3_Uninitialize	8	static
../../src/bsp/cmsis_drivers/UART_STM32H7xx.c:1291:1:USART3_PowerControl	16	static
../../src/bsp/cmsis_drivers/UART_STM32H7xx.c:1291:1:USART3_Send	16	static
../../src/bsp/cmsis_drivers/UART_STM32H7xx.c:1291:1:USART3_Receive	16	static
../../src/bsp/cmsis_drivers/UART_STM32H7xx.c:1291:1:USART3_Transfer	24	static
../../src/bsp/cmsis_drivers/UART_STM32H7xx.c:1291:1:USART3_GetGetTxCount	8	static
../../src/bsp/cmsis_drivers/UART_STM32H7xx.c:1291:1:USART3_GetGetRxCount	8	static
../../src/bsp/cmsis_drivers/UART_STM32H7xx.c:1291:1:USART3_Control	16	static
../../src/bsp/cmsis_drivers/UART_STM32H7xx.c:1291:1:USART3_GetStatus	8	static
../../src/bsp/cmsis_drivers/UART_STM32H7xx.c:1295:1:USART4_GetCapabilities	8	static
../../src/bsp/cmsis_drivers/UART_STM32H7xx.c:1295:1:USART4_Initialize	16	static
../../src/bsp/cmsis_drivers/UART_STM32H7xx.c:1295:1:USART4_Uninitialize	8	static
../../src/bsp/cmsis_drivers/UART_STM32H7xx.c:1295:1:USART4_PowerControl	16	static
../../src/bsp/cmsis_drivers/UART_STM32H7xx.c:1295:1:USART4_Send	16	static
../../src/bsp/cmsis_drivers/UART_STM32H7xx.c:1295:1:USART4_Receive	16	static
../../src/bsp/cmsis_drivers/UART_STM32H7xx.c:1295:1:USART4_Transfer	24	static
../../src/bsp/cmsis_drivers/UART_STM32H7xx.c:1295:1:USART4_GetGetTxCount	8	static
../../src/bsp/cmsis_drivers/UART_STM32H7xx.c:1295:1:USART4_GetGetRxCount	8	static
../../src/bsp/cmsis_drivers/UART_STM32H7xx.c:1295:1:USART4_Control	16	static
../../src/bsp/cmsis_drivers/UART_STM32H7xx.c:1295:1:USART4_GetStatus	8	static
../../src/bsp/cmsis_drivers/UART_STM32H7xx.c:1299:1:USART5_GetCapabilities	8	static
../../src/bsp/cmsis_drivers/UART_STM32H7xx.c:1299:1:USART5_Initialize	16	static
../../src/bsp/cmsis_drivers/UART_STM32H7xx.c:1299:1:USART5_Uninitialize	8	static
../../src/bsp/cmsis_drivers/UART_STM32H7xx.c:1299:1:USART5_PowerControl	16	static
../../src/bsp/cmsis_drivers/UART_STM32H7xx.c:1299:1:USART5_Send	16	static
../../src/bsp/cmsis_drivers/UART_STM32H7xx.c:1299:1:USART5_Receive	16	static
../../src/bsp/cmsis_drivers/UART_STM32H7xx.c:1299:1:USART5_Transfer	24	static
../../src/bsp/cmsis_drivers/UART_STM32H7xx.c:1299:1:USART5_GetGetTxCount	8	static
../../src/bsp/cmsis_drivers/UART_STM32H7xx.c:1299:1:USART5_GetGetRxCount	8	static
../../src/bsp/cmsis_drivers/UART_STM32H7xx.c:1299:1:USART5_Control	16	static
../../src/bsp/cmsis_drivers/UART_STM32H7xx.c:1299:1:USART5_GetStatus	8	static
../../src/bsp/cmsis_drivers/UART_STM32H7xx.c:1303:1:USART6_GetCapabilities	8	static
../../src/bsp/cmsis_drivers/UART_STM32H7xx.c:1303:1:USART6_Initialize	16	static
../../src/bsp/cmsis_drivers/UART_STM32H7xx.c:1303:1:USART6_Uninitialize	8	static
../../src/bsp/cmsis_drivers/UART_STM32H7xx.c:1303:1:USART6_PowerControl	16	static
../../src/bsp/cmsis_drivers/UART_STM32H7xx.c:1303:1:USART6_Send	16	static
../../src/bsp/cmsis_drivers/UART_STM32H7xx.c:1303:1:USART6_Receive	16	static
../../src/bsp/cmsis_drivers/UART_STM32H7xx.c:1303:1:USART6_Transfer	24	static
../../src/bsp/cmsis_drivers/UART_STM32H7xx.c:1303:1:USART6_GetGetTxCount	8	static
../../src/bsp/cmsis_drivers/UART_STM32H7xx.c:1303:1:USART6_GetGetRxCount	8	static
../../src/bsp/cmsis_drivers/UART_STM32H7xx.c:1303:1:USART6_Control	16	static
../../src/bsp/cmsis_drivers/UART_STM32H7xx.c:1303:1:USART6_GetStatus	8	static
../../src/bsp/cmsis_drivers/UART_STM32H7xx.c:1307:1:USART7_GetCapabilities	8	static
../../src/bsp/cmsis_drivers/UART_STM32H7xx.c:1307:1:USART7_Initialize	16	static
../../src/bsp/cmsis_drivers/UART_STM32H7xx.c:1307:1:USART7_Uninitialize	8	static
../../src/bsp/cmsis_drivers/UART_STM32H7xx.c:1307:1:USART7_PowerControl	16	static
../../src/bsp/cmsis_drivers/UART_STM32H7xx.c:1307:1:USART7_Send	16	static
../../src/bsp/cmsis_drivers/UART_STM32H7xx.c:1307:1:USART7_Receive	16	static
../../src/bsp/cmsis_drivers/UART_STM32H7xx.c:1307:1:USART7_Transfer	24	static
../../src/bsp/cmsis_drivers/UART_STM32H7xx.c:1307:1:USART7_GetGetTxCount	8	static
../../src/bsp/cmsis_drivers/UART_STM32H7xx.c:1307:1:USART7_GetGetRxCount	8	static
../../src/bsp/cmsis_drivers/UART_STM32H7xx.c:1307:1:USART7_Control	16	static
../../src/bsp/cmsis_drivers/UART_STM32H7xx.c:1307:1:USART7_GetStatus	8	static
../../src/bsp/cmsis_drivers/UART_STM32H7xx.c:1311:1:USART8_GetCapabilities	8	static
../../src/bsp/cmsis_drivers/UART_STM32H7xx.c:1311:1:USART8_Initialize	16	static
../../src/bsp/cmsis_drivers/UART_STM32H7xx.c:1311:1:USART8_Uninitialize	8	static
../../src/bsp/cmsis_drivers/UART_STM32H7xx.c:1311:1:USART8_PowerControl	16	static
../../src/bsp/cmsis_drivers/UART_STM32H7xx.c:1311:1:USART8_Send	16	static
../../src/bsp/cmsis_drivers/UART_STM32H7xx.c:1311:1:USART8_Receive	16	static
../../src/bsp/cmsis_drivers/UART_STM32H7xx.c:1311:1:USART8_Transfer	24	static
../../src/bsp/cmsis_drivers/UART_STM32H7xx.c:1311:1:USART8_GetGetTxCount	8	static
../../src/bsp/cmsis_drivers/UART_STM32H7xx.c:1311:1:USART8_GetGetRxCount	8	static
../../src/bsp/cmsis_drivers/UART_STM32H7xx.c:1311:1:USART8_Control	16	static
../../src/bsp/cmsis_drivers/UART_STM32H7xx.c:1311:1:USART8_GetStatus	8	static
../../src/bsp/cmsis_drivers/UART_STM32H7xx.c:1323:1:USART21_GetCapabilities	8	static
../../src/bsp/cmsis_drivers/UART_STM32H7xx.c:1323:1:USART21_Initialize	16	static
../../src/bsp/cmsis_drivers/UART_STM32H7xx.c:1323:1:USART21_Uninitialize	8	static
../../src/bsp/cmsis_drivers/UART_STM32H7xx.c:1323:1:USART21_PowerControl	16	static
../../src/bsp/cmsis_drivers/UART_STM32H7xx.c:1323:1:USART21_Send	16	static
../../src/bsp/cmsis_drivers/UART_STM32H7xx.c:1323:1:USART21_Receive	16	static
../../src/bsp/cmsis_drivers/UART_STM32H7xx.c:1323:1:USART21_Transfer	24	static
../../src/bsp/cmsis_drivers/UART_STM32H7xx.c:1323:1:USART21_GetGetTxCount	8	static
../../src/bsp/cmsis_drivers/UART_STM32H7xx.c:1323:1:USART21_GetGetRxCount	8	static
../../src/bsp/cmsis_drivers/UART_STM32H7xx.c:1323:1:USART21_Control	16	static
../../src/bsp/cmsis_drivers/UART_STM32H7xx.c:1323:1:USART21_GetStatus	8	static
